/Users/rithv/Library/Python/3.9/lib/python/site-packages/urllib3/__init__.py:35: NotOpenSSLWarning: urllib3 v2 only supports OpenSSL 1.1.1+, currently the 'ssl' module is compiled with 'LibreSSL 2.8.3'. See: https://github.com/urllib3/urllib3/issues/3020
  warnings.warn(
computing advanced player stats...
  advanced player stats: 579 rows
computing clutch stats...
  clutch stats: 485 rows
computing hustle stats...
  hustle stats: 576 rows
computing shot profile...
  shot profile: 570 rows
computing synergy play types...
  play types: 427 rows
computing on/off ratings...
  on/off ratings: 657 rows
computing shot zone breakdown (up to 400 players)...
  shot zones: 395 rows
computing quarter splits (up to 400 players)...
compute_quarter_splits: player 203648 failed: Expecting value: line 1 column 1 (char 0)
compute_quarter_splits: player 1631120 failed: HTTPSConnectionPool(host='stats.nba.com', port=443): Read timed out. (read timeout=10)
compute_quarter_splits: player 201942 failed: HTTPSConnectionPool(host='stats.nba.com', port=443): Read timed out. (read timeout=10)
compute_quarter_splits: player 1642484 failed: HTTPSConnectionPool(host='stats.nba.com', port=443): Read timed out. (read timeout=10)
compute_quarter_splits: player 1628978 failed: HTTPSConnectionPool(host='stats.nba.com', port=443): Read timed out. (read timeout=10)
compute_quarter_splits: player 1631217 failed: HTTPSConnectionPool(host='stats.nba.com', port=443): Read timed out. (read timeout=10)
compute_quarter_splits: player 1642885 failed: HTTPSConnectionPool(host='stats.nba.com', port=443): Read timed out. (read timeout=10)
compute_quarter_splits: player 1641711 failed: HTTPSConnectionPool(host='stats.nba.com', port=443): Read timed out. (read timeout=10)
compute_quarter_splits: player 1630621 failed: HTTPSConnectionPool(host='stats.nba.com', port=443): Read timed out. (read timeout=10)
compute_quarter_splits: player 1631172 failed: HTTPSConnectionPool(host='stats.nba.com', port=443): Read timed out. (read timeout=10)
compute_quarter_splits: player 1642265 failed: HTTPSConnectionPool(host='stats.nba.com', port=443): Read timed out. (read timeout=10)
compute_quarter_splits: player 1629029 failed: HTTPSConnectionPool(host='stats.nba.com', port=443): Read timed out. (read timeout=10)
compute_quarter_splits: player 1629652 failed: HTTPSConnectionPool(host='stats.nba.com', port=443): Read timed out. (read timeout=10)
compute_quarter_splits: player 1630245 failed: HTTPSConnectionPool(host='stats.nba.com', port=443): Read timed out. (read timeout=10)
compute_quarter_splits: player 203083 failed: HTTPSConnectionPool(host='stats.nba.com', port=443): Read timed out. (read timeout=10)
compute_quarter_splits: player 1627739 failed: HTTPSConnectionPool(host='stats.nba.com', port=443): Read timed out. (read timeout=10)
compute_quarter_splits: player 1642346 failed: HTTPSConnectionPool(host='stats.nba.com', port=443): Read timed out. (read timeout=10)
compute_quarter_splits: player 201142 failed: HTTPSConnectionPool(host='stats.nba.com', port=443): Read timed out. (read timeout=10)
compute_quarter_splits: player 1631105 failed: HTTPSConnectionPool(host='stats.nba.com', port=443): Read timed out. (read timeout=10)
compute_quarter_splits: player 1642856 failed: HTTPSConnectionPool(host='stats.nba.com', port=443): Read timed out. (read timeout=10)
compute_quarter_splits: player 1631106 failed: HTTPSConnectionPool(host='stats.nba.com', port=443): Read timed out. (read timeout=10)
compute_quarter_splits: player 1641744 failed: HTTPSConnectionPool(host='stats.nba.com', port=443): Read timed out. (read timeout=10)
compute_quarter_splits: player 1642845 failed: HTTPSConnectionPool(host='stats.nba.com', port=443): Read timed out. (read timeout=10)
compute_quarter_splits: player 1630162 failed: HTTPSConnectionPool(host='stats.nba.com', port=443): Read timed out. (read timeout=10)
compute_quarter_splits: player 1642348 failed: HTTPSConnectionPool(host='stats.nba.com', port=443): Read timed out. (read timeout=10)
compute_quarter_splits: player 1631165 failed: HTTPSConnectionPool(host='stats.nba.com', port=443): Read timed out. (read timeout=10)
compute_quarter_splits: player 203954 failed: HTTPSConnectionPool(host='stats.nba.com', port=443): Read timed out. (read timeout=10)
compute_quarter_splits: player 1642400 failed: HTTPSConnectionPool(host='stats.nba.com', port=443): Read timed out. (read timeout=10)
compute_quarter_splits: player 1642855 failed: HTTPSConnectionPool(host='stats.nba.com', port=443): Read timed out. (read timeout=10)
compute_quarter_splits: player 1630623 failed: HTTPSConnectionPool(host='stats.nba.com', port=443): Read timed out. (read timeout=10)
compute_quarter_splits: player 1629234 failed: HTTPSConnectionPool(host='stats.nba.com', port=443): Read timed out. (read timeout=10)
compute_quarter_splits: player 1641787 failed: HTTPSConnectionPool(host='stats.nba.com', port=443): Read timed out. (read timeout=10)
compute_quarter_splits: player 1642847 failed: HTTPSConnectionPool(host='stats.nba.com', port=443): Read timed out. (read timeout=10)
compute_quarter_splits: player 1642271 failed: HTTPSConnectionPool(host='stats.nba.com', port=443): Read timed out. (read timeout=10)
compute_quarter_splits: player 1627827 failed: HTTPSConnectionPool(host='stats.nba.com', port=443): Read timed out. (read timeout=10)
compute_quarter_splits: player 1642843 failed: HTTPSConnectionPool(host='stats.nba.com', port=443): Read timed out. (read timeout=10)
compute_quarter_splits: player 1642853 failed: HTTPSConnectionPool(host='stats.nba.com', port=443): Read timed out. (read timeout=10)
compute_quarter_splits: player 1642280 failed: HTTPSConnectionPool(host='stats.nba.com', port=443): Read timed out. (read timeout=10)
compute_quarter_splits: player 1631323 failed: HTTPSConnectionPool(host='stats.nba.com', port=443): Read timed out. (read timeout=10)
compute_quarter_splits: player 1628368 failed: HTTPSConnectionPool(host='stats.nba.com', port=443): Read timed out. (read timeout=10)
compute_quarter_splits: player 1642402 failed: HTTPSConnectionPool(host='stats.nba.com', port=443): Read timed out. (read timeout=10)
compute_quarter_splits: player 1628365 failed: HTTPSConnectionPool(host='stats.nba.com', port=443): Read timed out. (read timeout=10)
compute_quarter_splits: player 1642277 failed: HTTPSConnectionPool(host='stats.nba.com', port=443): Read timed out. (read timeout=10)
compute_quarter_splits: player 1629655 failed: HTTPSConnectionPool(host='stats.nba.com', port=443): Read timed out. (read timeout=10)
compute_quarter_splits: player 1643158 failed: HTTPSConnectionPool(host='stats.nba.com', port=443): Read timed out. (read timeout=10)
compute_quarter_splits: player 1642066 failed: HTTPSConnectionPool(host='stats.nba.com', port=443): Read timed out. (read timeout=10)
compute_quarter_splits: player 1629636 failed: HTTPSConnectionPool(host='stats.nba.com', port=443): Read timed out. (read timeout=10)
compute_quarter_splits: player 1630568 failed: HTTPSConnectionPool(host='stats.nba.com', port=443): Read timed out. (read timeout=10)
compute_quarter_splits: player 1641718 failed: HTTPSConnectionPool(host='stats.nba.com', port=443): Read timed out. (read timeout=10)
compute_quarter_splits: player 1642273 failed: HTTPSConnectionPool(host='stats.nba.com', port=443): Read timed out. (read timeout=10)
compute_quarter_splits: player 202331 failed: HTTPSConnectionPool(host='stats.nba.com', port=443): Read timed out. (read timeout=10)
compute_quarter_splits: player 201959 failed: HTTPSConnectionPool(host='stats.nba.com', port=443): Read timed out. (read timeout=10)
compute_quarter_splits: player 1630581 failed: HTTPSConnectionPool(host='stats.nba.com', port=443): Read timed out. (read timeout=10)
compute_quarter_splits: player 1642933 failed: HTTPSConnectionPool(host='stats.nba.com', port=443): Read timed out. (read timeout=10)
compute_quarter_splits: player 1628983 failed: HTTPSConnectionPool(host='stats.nba.com', port=443): Read timed out. (read timeout=10)
compute_quarter_splits: player 1630264 failed: HTTPSConnectionPool(host='stats.nba.com', port=443): Read timed out. (read timeout=10)
compute_quarter_splits: player 1631221 failed: HTTPSConnectionPool(host='stats.nba.com', port=443): Read timed out. (read timeout=10)
compute_quarter_splits: player 203497 failed: HTTPSConnectionPool(host='stats.nba.com', port=443): Read timed out. (read timeout=10)
compute_quarter_splits: player 1642884 failed: HTTPSConnectionPool(host='stats.nba.com', port=443): Read timed out. (read timeout=10)
compute_quarter_splits: player 1642864 failed: HTTPSConnectionPool(host='stats.nba.com', port=443): Read timed out. (read timeout=10)
compute_quarter_splits: player 1630692 failed: HTTPSConnectionPool(host='stats.nba.com', port=443): Read timed out. (read timeout=10)
compute_quarter_splits: player 203932 failed: HTTPSConnectionPool(host='stats.nba.com', port=443): Read timed out. (read timeout=10)
compute_quarter_splits: player 201569 failed: HTTPSConnectionPool(host='stats.nba.com', port=443): Read timed out. (read timeout=10)
compute_quarter_splits: player 203924 failed: HTTPSConnectionPool(host='stats.nba.com', port=443): Read timed out. (read timeout=10)
compute_quarter_splits: player 1631260 failed: HTTPSConnectionPool(host='stats.nba.com', port=443): Read timed out. (read timeout=10)
compute_quarter_splits: player 203110 failed: HTTPSConnectionPool(host='stats.nba.com', port=443): Read timed out. (read timeout=10)
compute_quarter_splits: player 1630224 failed: HTTPSConnectionPool(host='stats.nba.com', port=443): Read timed out. (read timeout=10)
compute_quarter_splits: player 1629750 failed: HTTPSConnectionPool(host='stats.nba.com', port=443): Read timed out. (read timeout=10)
compute_quarter_splits: player 201145 failed: HTTPSConnectionPool(host='stats.nba.com', port=443): Read timed out. (read timeout=10)
compute_quarter_splits: player 1630182 failed: HTTPSConnectionPool(host='stats.nba.com', port=443): Read timed out. (read timeout=10)
compute_quarter_splits: player 1629656 failed: HTTPSConnectionPool(host='stats.nba.com', port=443): Read timed out. (read timeout=10)
compute_quarter_splits: player 1631243 failed: HTTPSConnectionPool(host='stats.nba.com', port=443): Read timed out. (read timeout=10)
compute_quarter_splits: player 1629060 failed: HTTPSConnectionPool(host='stats.nba.com', port=443): Read timed out. (read timeout=10)
compute_quarter_splits: player 1630169 failed: HTTPSConnectionPool(host='stats.nba.com', port=443): Read timed out. (read timeout=10)
compute_quarter_splits: player 1641790 failed: HTTPSConnectionPool(host='stats.nba.com', port=443): Read timed out. (read timeout=10)
compute_quarter_splits: player 203501 failed: HTTPSConnectionPool(host='stats.nba.com', port=443): Read timed out. (read timeout=10)
compute_quarter_splits: player 201935 failed: HTTPSConnectionPool(host='stats.nba.com', port=443): Read timed out. (read timeout=10)
compute_quarter_splits: player 1630702 failed: HTTPSConnectionPool(host='stats.nba.com', port=443): Read timed out. (read timeout=10)
compute_quarter_splits: player 1641989 failed: HTTPSConnectionPool(host='stats.nba.com', port=443): Read timed out. (read timeout=10)
compute_quarter_splits: player 1642844 failed: HTTPSConnectionPool(host='stats.nba.com', port=443): Read timed out. (read timeout=10)
compute_quarter_splits: player 1631199 failed: HTTPSConnectionPool(host='stats.nba.com', port=443): Read timed out. (read timeout=10)
compute_quarter_splits: player 203914 failed: HTTPSConnectionPool(host='stats.nba.com', port=443): Read timed out. (read timeout=10)
compute_quarter_splits: player 202699 failed: HTTPSConnectionPool(host='stats.nba.com', port=443): Read timed out. (read timeout=10)
compute_quarter_splits: player 1628404 failed: HTTPSConnectionPool(host='stats.nba.com', port=443): Read timed out. (read timeout=10)
compute_quarter_splits: player 1628392 failed: HTTPSConnectionPool(host='stats.nba.com', port=443): Read timed out. (read timeout=10)
compute_quarter_splits: player 1630573 failed: HTTPSConnectionPool(host='stats.nba.com', port=443): Read timed out. (read timeout=10)
compute_quarter_splits: player 1641722 failed: HTTPSConnectionPool(host='stats.nba.com', port=443): Read timed out. (read timeout=10)
compute_quarter_splits: player 1629637 failed: HTTPSConnectionPool(host='stats.nba.com', port=443): Read timed out. (read timeout=10)
compute_quarter_splits: player 1630165 failed: HTTPSConnectionPool(host='stats.nba.com', port=443): Read timed out. (read timeout=10)
compute_quarter_splits: player 1628502 failed: HTTPSConnectionPool(host='stats.nba.com', port=443): Read timed out. (read timeout=10)
compute_quarter_splits: player 1630703 failed: HTTPSConnectionPool(host='stats.nba.com', port=443): Read timed out. (read timeout=10)
compute_quarter_splits: player 1641707 failed: HTTPSConnectionPool(host='stats.nba.com', port=443): Read timed out. (read timeout=10)
compute_quarter_splits: player 1642935 failed: HTTPSConnectionPool(host='stats.nba.com', port=443): Read timed out. (read timeout=10)
compute_quarter_splits: player 1629639 failed: HTTPSConnectionPool(host='stats.nba.com', port=443): Read timed out. (read timeout=10)
compute_quarter_splits: player 1627741 failed: HTTPSConnectionPool(host='stats.nba.com', port=443): Read timed out. (read timeout=10)
compute_quarter_splits: player 1629312 failed: HTTPSConnectionPool(host='stats.nba.com', port=443): Read timed out. (read timeout=10)
compute_quarter_splits: player 1642396 failed: HTTPSConnectionPool(host='stats.nba.com', port=443): Read timed out. (read timeout=10)
compute_quarter_splits: player 1628988 failed: HTTPSConnectionPool(host='stats.nba.com', port=443): Read timed out. (read timeout=10)
compute_quarter_splits: player 201950 failed: HTTPSConnectionPool(host='stats.nba.com', port=443): Read timed out. (read timeout=10)
compute_quarter_splits: player 1641842 failed: HTTPSConnectionPool(host='stats.nba.com', port=443): Read timed out. (read timeout=10)
compute_quarter_splits: player 1641747 failed: HTTPSConnectionPool(host='stats.nba.com', port=443): Read timed out. (read timeout=10)
compute_quarter_splits: player 1631096 failed: HTTPSConnectionPool(host='stats.nba.com', port=443): Read timed out. (read timeout=10)
compute_quarter_splits: player 201143 failed: HTTPSConnectionPool(host='stats.nba.com', port=443): Read timed out. (read timeout=10)
compute_quarter_splits: player 1631216 failed: HTTPSConnectionPool(host='stats.nba.com', port=443): Read timed out. (read timeout=10)
compute_quarter_splits: player 1641724 failed: HTTPSConnectionPool(host='stats.nba.com', port=443): Read timed out. (read timeout=10)
compute_quarter_splits: player 1628989 failed: HTTPSConnectionPool(host='stats.nba.com', port=443): Read timed out. (read timeout=10)
compute_quarter_splits: player 1630643 failed: HTTPSConnectionPool(host='stats.nba.com', port=443): Read timed out. (read timeout=10)
compute_quarter_splits: player 1630574 failed: HTTPSConnectionPool(host='stats.nba.com', port=443): Read timed out. (read timeout=10)
compute_quarter_splits: player 1629631 failed: HTTPSConnectionPool(host='stats.nba.com', port=443): Read timed out. (read timeout=10)
compute_quarter_splits: player 1643047 failed: HTTPSConnectionPool(host='stats.nba.com', port=443): Read timed out. (read timeout=10)
compute_quarter_splits: player 1630538 failed: HTTPSConnectionPool(host='stats.nba.com', port=443): Read timed out. (read timeout=10)
compute_quarter_splits: player 1642345 failed: HTTPSConnectionPool(host='stats.nba.com', port=443): Read timed out. (read timeout=10)
compute_quarter_splits: player 204060 failed: HTTPSConnectionPool(host='stats.nba.com', port=443): Read timed out. (read timeout=10)
compute_quarter_splits: player 1627742 failed: HTTPSConnectionPool(host='stats.nba.com', port=443): Read timed out. (read timeout=10)
compute_quarter_splits: player 1631127 failed: HTTPSConnectionPool(host='stats.nba.com', port=443): Read timed out. (read timeout=10)
compute_quarter_splits: player 202681 failed: HTTPSConnectionPool(host='stats.nba.com', port=443): Read timed out. (read timeout=10)
compute_quarter_splits: player 1628371 failed: HTTPSConnectionPool(host='stats.nba.com', port=443): Read timed out. (read timeout=10)
compute_quarter_splits: player 1631093 failed: HTTPSConnectionPool(host='stats.nba.com', port=443): Read timed out. (read timeout=10)
compute_quarter_splits: player 1641713 failed: HTTPSConnectionPool(host='stats.nba.com', port=443): Read timed out. (read timeout=10)
compute_quarter_splits: player 1630543 failed: HTTPSConnectionPool(host='stats.nba.com', port=443): Read timed out. (read timeout=10)
compute_quarter_splits: player 1631245 failed: HTTPSConnectionPool(host='stats.nba.com', port=443): Read timed out. (read timeout=10)
compute_quarter_splits: player 1641748 failed: HTTPSConnectionPool(host='stats.nba.com', port=443): Read timed out. (read timeout=10)
compute_quarter_splits: player 1628991 failed: HTTPSConnectionPool(host='stats.nba.com', port=443): Read timed out. (read timeout=10)
compute_quarter_splits: player 1631218 failed: HTTPSConnectionPool(host='stats.nba.com', port=443): Read timed out. (read timeout=10)
compute_quarter_splits: player 1642857 failed: HTTPSConnectionPool(host='stats.nba.com', port=443): Read timed out. (read timeout=10)
compute_quarter_splits: player 1642355 failed: HTTPSConnectionPool(host='stats.nba.com', port=443): Read timed out. (read timeout=10)
compute_quarter_splits: player 2544 failed: HTTPSConnectionPool(host='stats.nba.com', port=443): Read timed out. (read timeout=10)
compute_quarter_splits: player 1642883 failed: HTTPSConnectionPool(host='stats.nba.com', port=443): Read timed out. (read timeout=10)
compute_quarter_splits: player 1631170 failed: HTTPSConnectionPool(host='stats.nba.com', port=443): Read timed out. (read timeout=10)
compute_quarter_splits: player 1630610 failed: HTTPSConnectionPool(host='stats.nba.com', port=443): Read timed out. (read timeout=10)
compute_quarter_splits: player 1629610 failed: HTTPSConnectionPool(host='stats.nba.com', port=443): Read timed out. (read timeout=10)
compute_quarter_splits: player 1641998 failed: HTTPSConnectionPool(host='stats.nba.com', port=443): Read timed out. (read timeout=10)
compute_quarter_splits: player 1642450 failed: HTTPSConnectionPool(host='stats.nba.com', port=443): Read timed out. (read timeout=10)
compute_quarter_splits: player 1629660 failed: HTTPSConnectionPool(host='stats.nba.com', port=443): Read timed out. (read timeout=10)
compute_quarter_splits: player 1630198 failed: HTTPSConnectionPool(host='stats.nba.com', port=443): Read timed out. (read timeout=10)
compute_quarter_splits: player 1642358 failed: HTTPSConnectionPool(host='stats.nba.com', port=443): Read timed out. (read timeout=10)
compute_quarter_splits: player 1629661 failed: HTTPSConnectionPool(host='stats.nba.com', port=443): Read timed out. (read timeout=10)
compute_quarter_splits: player 1643052 failed: HTTPSConnectionPool(host='stats.nba.com', port=443): Read timed out. (read timeout=10)
compute_quarter_splits: player 1630552 failed: HTTPSConnectionPool(host='stats.nba.com', port=443): Read timed out. (read timeout=10)
compute_quarter_splits: player 1629640 failed: HTTPSConnectionPool(host='stats.nba.com', port=443): Read timed out. (read timeout=10)
compute_quarter_splits: player 1642352 failed: HTTPSConnectionPool(host='stats.nba.com', port=443): Read timed out. (read timeout=10)
compute_quarter_splits: player 1642848 failed: HTTPSConnectionPool(host='stats.nba.com', port=443): Read timed out. (read timeout=10)
compute_quarter_splits: player 203999 failed: HTTPSConnectionPool(host='stats.nba.com', port=443): Read timed out. (read timeout=10)
compute_quarter_splits: player 1641732 failed: HTTPSConnectionPool(host='stats.nba.com', port=443): Read timed out. (read timeout=10)
compute_quarter_splits: player 1642938 failed: HTTPSConnectionPool(host='stats.nba.com', port=443): Read timed out. (read timeout=10)
compute_quarter_splits: player 1641794 failed: HTTPSConnectionPool(host='stats.nba.com', port=443): Read timed out. (read timeout=10)
compute_quarter_splits: player 1630529 failed: HTTPSConnectionPool(host='stats.nba.com', port=443): Read timed out. (read timeout=10)
compute_quarter_splits: player 1642403 failed: HTTPSConnectionPool(host='stats.nba.com', port=443): Read timed out. (read timeout=10)
compute_quarter_splits: player 1642880 failed: HTTPSConnectionPool(host='stats.nba.com', port=443): Read timed out. (read timeout=10)
compute_quarter_splits: player 1642461 failed: HTTPSConnectionPool(host='stats.nba.com', port=443): Read timed out. (read timeout=10)
compute_quarter_splits: player 1630200 failed: HTTPSConnectionPool(host='stats.nba.com', port=443): Read timed out. (read timeout=10)
compute_quarter_splits: player 1626145 failed: HTTPSConnectionPool(host='stats.nba.com', port=443): Read timed out. (read timeout=10)
compute_quarter_splits: player 1642357 failed: HTTPSConnectionPool(host='stats.nba.com', port=443): Read timed out. (read timeout=10)
compute_quarter_splits: player 1627884 failed: HTTPSConnectionPool(host='stats.nba.com', port=443): Read timed out. (read timeout=10)
compute_quarter_splits: player 201599 failed: HTTPSConnectionPool(host='stats.nba.com', port=443): Read timed out. (read timeout=10)
compute_quarter_splits: player 1631107 failed: HTTPSConnectionPool(host='stats.nba.com', port=443): Read timed out. (read timeout=10)
compute_quarter_splits: player 1630548 failed: HTTPSConnectionPool(host='stats.nba.com', port=443): Read timed out. (read timeout=10)
compute_quarter_splits: player 1641750 failed: HTTPSConnectionPool(host='stats.nba.com', port=443): Read timed out. (read timeout=10)
compute_quarter_splits: player 1642530 failed: HTTPSConnectionPool(host='stats.nba.com', port=443): Read timed out. (read timeout=10)
compute_quarter_splits: player 1631211 failed: HTTPSConnectionPool(host='stats.nba.com', port=443): Read timed out. (read timeout=10)
compute_quarter_splits: player 1642939 failed: HTTPSConnectionPool(host='stats.nba.com', port=443): Read timed out. (read timeout=10)
compute_quarter_splits: player 1628379 failed: HTTPSConnectionPool(host='stats.nba.com', port=443): Read timed out. (read timeout=10)
compute_quarter_splits: player 1643257 failed: HTTPSConnectionPool(host='stats.nba.com', port=443): Read timed out. (read timeout=10)
compute_quarter_splits: player 1631117 failed: HTTPSConnectionPool(host='stats.nba.com', port=443): Read timed out. (read timeout=10)
compute_quarter_splits: player 1642615 failed: HTTPSConnectionPool(host='stats.nba.com', port=443): Read timed out. (read timeout=10)
compute_quarter_splits: player 1630557 failed: HTTPSConnectionPool(host='stats.nba.com', port=443): Read timed out. (read timeout=10)
compute_quarter_splits: player 1628467 failed: HTTPSConnectionPool(host='stats.nba.com', port=443): Read timed out. (read timeout=10)
compute_quarter_splits: player 1641752 failed: HTTPSConnectionPool(host='stats.nba.com', port=443): Read timed out. (read timeout=10)
compute_quarter_splits: player 1642261 failed: HTTPSConnectionPool(host='stats.nba.com', port=443): Read timed out. (read timeout=10)
compute_quarter_splits: player 1642851 failed: HTTPSConnectionPool(host='stats.nba.com', port=443): Read timed out. (read timeout=10)
compute_quarter_splits: player 1642278 failed: HTTPSConnectionPool(host='stats.nba.com', port=443): Read timed out. (read timeout=10)
compute_quarter_splits: player 1631132 failed: HTTPSConnectionPool(host='stats.nba.com', port=443): Read timed out. (read timeout=10)
compute_quarter_splits: player 1629723 failed: HTTPSConnectionPool(host='stats.nba.com', port=443): Read timed out. (read timeout=10)
compute_quarter_splits: player 1628436 failed: HTTPSConnectionPool(host='stats.nba.com', port=443): Read timed out. (read timeout=10)
compute_quarter_splits: player 1630249 failed: HTTPSConnectionPool(host='stats.nba.com', port=443): Read timed out. (read timeout=10)
compute_quarter_splits: player 1630228 failed: HTTPSConnectionPool(host='stats.nba.com', port=443): Read timed out. (read timeout=10)
compute_quarter_splits: player 1628398 failed: HTTPSConnectionPool(host='stats.nba.com', port=443): Read timed out. (read timeout=10)
compute_quarter_splits: player 1631222 failed: HTTPSConnectionPool(host='stats.nba.com', port=443): Read timed out. (read timeout=10)
compute_quarter_splits: player 203897 failed: HTTPSConnectionPool(host='stats.nba.com', port=443): Read timed out. (read timeout=10)
compute_quarter_splits: player 1627746 failed: HTTPSConnectionPool(host='stats.nba.com', port=443): Read timed out. (read timeout=10)
compute_quarter_splits: player 1629111 failed: HTTPSConnectionPool(host='stats.nba.com', port=443): Read timed out. (read timeout=10)
compute_quarter_splits: player 1642404 failed: HTTPSConnectionPool(host='stats.nba.com', port=443): Read timed out. (read timeout=10)
compute_quarter_splits: player 1641796 failed: HTTPSConnectionPool(host='stats.nba.com', port=443): Read timed out. (read timeout=10)
compute_quarter_splits: player 1630639 failed: HTTPSConnectionPool(host='stats.nba.com', port=443): Read timed out. (read timeout=10)
compute_quarter_splits: player 1627747 failed: HTTPSConnectionPool(host='stats.nba.com', port=443): Read timed out. (read timeout=10)
compute_quarter_splits: player 202695 failed: HTTPSConnectionPool(host='stats.nba.com', port=443): Read timed out. (read timeout=10)
compute_quarter_splits: player 1642502 failed: HTTPSConnectionPool(host='stats.nba.com', port=443): Read timed out. (read timeout=10)
compute_quarter_splits: player 1630604 failed: HTTPSConnectionPool(host='stats.nba.com', port=443): Read timed out. (read timeout=10)
compute_quarter_splits: player 203081 failed: HTTPSConnectionPool(host='stats.nba.com', port=443): Read timed out. (read timeout=10)
compute_quarter_splits: player 1641726 failed: HTTPSConnectionPool(host='stats.nba.com', port=443): Read timed out. (read timeout=10)
compute_quarter_splits: player 1630587 failed: HTTPSConnectionPool(host='stats.nba.com', port=443): Read timed out. (read timeout=10)
compute_quarter_splits: player 1641753 failed: HTTPSConnectionPool(host='stats.nba.com', port=443): Read timed out. (read timeout=10)
compute_quarter_splits: player 1626172 failed: HTTPSConnectionPool(host='stats.nba.com', port=443): Read timed out. (read timeout=10)
compute_quarter_splits: player 201572 failed: HTTPSConnectionPool(host='stats.nba.com', port=443): Read timed out. (read timeout=10)
compute_quarter_splits: player 1631126 failed: HTTPSConnectionPool(host='stats.nba.com', port=443): Read timed out. (read timeout=10)
compute_quarter_splits: player 201567 failed: HTTPSConnectionPool(host='stats.nba.com', port=443): Read timed out. (read timeout=10)
compute_quarter_splits: player 1643133 failed: HTTPSConnectionPool(host='stats.nba.com', port=443): Read timed out. (read timeout=10)
compute_quarter_splits: player 200768 failed: HTTPSConnectionPool(host='stats.nba.com', port=443): Read timed out. (read timeout=10)
compute_quarter_splits: player 1642863 failed: HTTPSConnectionPool(host='stats.nba.com', port=443): Read timed out. (read timeout=10)
compute_quarter_splits: player 1630572 failed: HTTPSConnectionPool(host='stats.nba.com', port=443): Read timed out. (read timeout=10)
compute_quarter_splits: player 1629611 failed: HTTPSConnectionPool(host='stats.nba.com', port=443): Read timed out. (read timeout=10)
compute_quarter_splits: player 1630544 failed: HTTPSConnectionPool(host='stats.nba.com', port=443): Read timed out. (read timeout=10)
compute_quarter_splits: player 1628374 failed: HTTPSConnectionPool(host='stats.nba.com', port=443): Read timed out. (read timeout=10)
compute_quarter_splits: player 1630230 failed: HTTPSConnectionPool(host='stats.nba.com', port=443): Read timed out. (read timeout=10)
compute_quarter_splits: player 1642918 failed: HTTPSConnectionPool(host='stats.nba.com', port=443): Read timed out. (read timeout=10)
compute_quarter_splits: player 1628997 failed: HTTPSConnectionPool(host='stats.nba.com', port=443): Read timed out. (read timeout=10)
compute_quarter_splits: player 1628998 failed: HTTPSConnectionPool(host='stats.nba.com', port=443): Read timed out. (read timeout=10)
compute_quarter_splits: player 1631213 failed: HTTPSConnectionPool(host='stats.nba.com', port=443): Read timed out. (read timeout=10)
compute_quarter_splits: player 1642942 failed: HTTPSConnectionPool(host='stats.nba.com', port=443): Read timed out. (read timeout=10)
compute_quarter_splits: player 1629726 failed: HTTPSConnectionPool(host='stats.nba.com', port=443): Read timed out. (read timeout=10)
compute_quarter_splits: player 1631097 failed: HTTPSConnectionPool(host='stats.nba.com', port=443): Read timed out. (read timeout=10)
compute_quarter_splits: player 1631255 failed: HTTPSConnectionPool(host='stats.nba.com', port=443): Read timed out. (read timeout=10)
compute_quarter_splits: player 1630178 failed: HTTPSConnectionPool(host='stats.nba.com', port=443): Read timed out. (read timeout=10)
compute_quarter_splits: player 1643024 failed: HTTPSConnectionPool(host='stats.nba.com', port=443): Read timed out. (read timeout=10)
compute_quarter_splits: player 1643016 failed: HTTPSConnectionPool(host='stats.nba.com', port=443): Read timed out. (read timeout=10)
compute_quarter_splits: player 1630540 failed: HTTPSConnectionPool(host='stats.nba.com', port=443): Read timed out. (read timeout=10)
compute_quarter_splits: player 1642272 failed: HTTPSConnectionPool(host='stats.nba.com', port=443): Read timed out. (read timeout=10)
compute_quarter_splits: player 1630644 failed: HTTPSConnectionPool(host='stats.nba.com', port=443): Read timed out. (read timeout=10)
compute_quarter_splits: player 203468 failed: HTTPSConnectionPool(host='stats.nba.com', port=443): Read timed out. (read timeout=10)
compute_quarter_splits: player 204456 failed: HTTPSConnectionPool(host='stats.nba.com', port=443): Read timed out. (read timeout=10)
compute_quarter_splits: player 1641755 failed: HTTPSConnectionPool(host='stats.nba.com', port=443): Read timed out. (read timeout=10)
compute_quarter_splits: player 1630183 failed: HTTPSConnectionPool(host='stats.nba.com', port=443): Read timed out. (read timeout=10)
compute_quarter_splits: player 203926 failed: HTTPSConnectionPool(host='stats.nba.com', port=443): Read timed out. (read timeout=10)
compute_quarter_splits: player 1631121 failed: HTTPSConnectionPool(host='stats.nba.com', port=443): Read timed out. (read timeout=10)
compute_quarter_splits: player 1629162 failed: HTTPSConnectionPool(host='stats.nba.com', port=443): Read timed out. (read timeout=10)
compute_quarter_splits: player 1642862 failed: HTTPSConnectionPool(host='stats.nba.com', port=443): Read timed out. (read timeout=10)
compute_quarter_splits: player 1629001 failed: HTTPSConnectionPool(host='stats.nba.com', port=443): Read timed out. (read timeout=10)
compute_quarter_splits: player 1630241 failed: HTTPSConnectionPool(host='stats.nba.com', port=443): Read timed out. (read timeout=10)
compute_quarter_splits: player 203114 failed: HTTPSConnectionPool(host='stats.nba.com', port=443): Read timed out. (read timeout=10)
compute_quarter_splits: player 1641706 failed: HTTPSConnectionPool(host='stats.nba.com', port=443): Read timed out. (read timeout=10)
compute_quarter_splits: player 1641801 failed: HTTPSConnectionPool(host='stats.nba.com', port=443): Read timed out. (read timeout=10)
compute_quarter_splits: player 1641757 failed: HTTPSConnectionPool(host='stats.nba.com', port=443): Read timed out. (read timeout=10)
compute_quarter_splits: player 1631200 failed: HTTPSConnectionPool(host='stats.nba.com', port=443): Read timed out. (read timeout=10)
  quarter splits: 166 rows
computing opponent shot zones...
  opp shot zones: 30 rows
computing synergy team defense...
  synergy defense: 30 rows
computing player tracking stats...
  player tracking: 579 rows
computing team standings...
  team standings: 30 rows
computing player scoring breakdown...
  scoring breakdown: 579 rows
computing player vs opponent splits (up to 400 players)...
compute_player_vs_opponent: player 1631205 failed: HTTPSConnectionPool(host='stats.nba.com', port=443): Read timed out. (read timeout=10)
compute_player_vs_opponent: player 1641780 failed: HTTPSConnectionPool(host='stats.nba.com', port=443): Read timed out. (read timeout=10)
compute_player_vs_opponent: player 1628971 failed: HTTPSConnectionPool(host='stats.nba.com', port=443): Read timed out. (read timeout=10)
compute_player_vs_opponent: player 1642468 failed: HTTPSConnectionPool(host='stats.nba.com', port=443): Read timed out. (read timeout=10)
compute_player_vs_opponent: player 1627759 failed: HTTPSConnectionPool(host='stats.nba.com', port=443): Read timed out. (read timeout=10)
compute_player_vs_opponent: player 1641738 failed: HTTPSConnectionPool(host='stats.nba.com', port=443): Read timed out. (read timeout=10)
compute_player_vs_opponent: player 1628973 failed: HTTPSConnectionPool(host='stats.nba.com', port=443): Read timed out. (read timeout=10)
compute_player_vs_opponent: player 1642868 failed: HTTPSConnectionPool(host='stats.nba.com', port=443): Read timed out. (read timeout=10)
compute_player_vs_opponent: player 1628418 failed: HTTPSConnectionPool(host='stats.nba.com', port=443): Read timed out. (read timeout=10)
compute_player_vs_opponent: player 1641723 failed: HTTPSConnectionPool(host='stats.nba.com', port=443): Read timed out. (read timeout=10)
compute_player_vs_opponent: player 1631174 failed: HTTPSConnectionPool(host='stats.nba.com', port=443): Read timed out. (read timeout=10)
compute_player_vs_opponent: player 202710 failed: HTTPSConnectionPool(host='stats.nba.com', port=443): Read timed out. (read timeout=10)
compute_player_vs_opponent: player 1641824 failed: HTTPSConnectionPool(host='stats.nba.com', port=443): Read timed out. (read timeout=10)
compute_player_vs_opponent: player 1631288 failed: HTTPSConnectionPool(host='stats.nba.com', port=443): Read timed out. (read timeout=10)
compute_player_vs_opponent: player 203484 failed: HTTPSConnectionPool(host='stats.nba.com', port=443): Read timed out. (read timeout=10)
compute_player_vs_opponent: player 1641739 failed: HTTPSConnectionPool(host='stats.nba.com', port=443): Read timed out. (read timeout=10)
compute_player_vs_opponent: player 203991 failed: HTTPSConnectionPool(host='stats.nba.com', port=443): Read timed out. (read timeout=10)
compute_player_vs_opponent: player 1642928 failed: HTTPSConnectionPool(host='stats.nba.com', port=443): Read timed out. (read timeout=10)
compute_player_vs_opponent: player 1642382 failed: HTTPSConnectionPool(host='stats.nba.com', port=443): Read timed out. (read timeout=10)
compute_player_vs_opponent: player 1642267 failed: HTTPSConnectionPool(host='stats.nba.com', port=443): Read timed out. (read timeout=10)
compute_player_vs_opponent: player 1642269 failed: HTTPSConnectionPool(host='stats.nba.com', port=443): Read timed out. (read timeout=10)
compute_player_vs_opponent: player 1628975 failed: HTTPSConnectionPool(host='stats.nba.com', port=443): Read timed out. (read timeout=10)
compute_player_vs_opponent: player 1628976 failed: HTTPSConnectionPool(host='stats.nba.com', port=443): Read timed out. (read timeout=10)
compute_player_vs_opponent: player 1627936 failed: HTTPSConnectionPool(host='stats.nba.com', port=443): Read timed out. (read timeout=10)
compute_player_vs_opponent: player 1642264 failed: HTTPSConnectionPool(host='stats.nba.com', port=443): Read timed out. (read timeout=10)
compute_player_vs_opponent: player 1630658 failed: HTTPSConnectionPool(host='stats.nba.com', port=443): Read timed out. (read timeout=10)
compute_player_vs_opponent: player 1630577 failed: HTTPSConnectionPool(host='stats.nba.com', port=443): Read timed out. (read timeout=10)
compute_player_vs_opponent: player 1630551 failed: HTTPSConnectionPool(host='stats.nba.com', port=443): Read timed out. (read timeout=10)
compute_player_vs_opponent: player 1631113 failed: HTTPSConnectionPool(host='stats.nba.com', port=443): Read timed out. (read timeout=10)
compute_player_vs_opponent: player 1642353 failed: HTTPSConnectionPool(host='stats.nba.com', port=443): Read timed out. (read timeout=10)
compute_player_vs_opponent: player 1631108 failed: HTTPSConnectionPool(host='stats.nba.com', port=443): Read timed out. (read timeout=10)
compute_player_vs_opponent: player 1630619 failed: HTTPSConnectionPool(host='stats.nba.com', port=443): Read timed out. (read timeout=10)
compute_player_vs_opponent: player 1631321 failed: HTTPSConnectionPool(host='stats.nba.com', port=443): Read timed out. (read timeout=10)
compute_player_vs_opponent: player 1641740 failed: HTTPSConnectionPool(host='stats.nba.com', port=443): Read timed out. (read timeout=10)
compute_player_vs_opponent: player 1629634 failed: HTTPSConnectionPool(host='stats.nba.com', port=443): Read timed out. (read timeout=10)
compute_player_vs_opponent: player 203903 failed: HTTPSConnectionPool(host='stats.nba.com', port=443): Read timed out. (read timeout=10)
compute_player_vs_opponent: player 1629651 failed: HTTPSConnectionPool(host='stats.nba.com', port=443): Read timed out. (read timeout=10)
compute_player_vs_opponent: player 1642383 failed: HTTPSConnectionPool(host='stats.nba.com', port=443): Read timed out. (read timeout=10)
compute_player_vs_opponent: player 1642363 failed: HTTPSConnectionPool(host='stats.nba.com', port=443): Read timed out. (read timeout=10)
compute_player_vs_opponent: player 1642270 failed: HTTPSConnectionPool(host='stats.nba.com', port=443): Read timed out. (read timeout=10)
compute_player_vs_opponent: player 1641730 failed: HTTPSConnectionPool(host='stats.nba.com', port=443): Read timed out. (read timeout=10)
compute_player_vs_opponent: player 1629599 failed: HTTPSConnectionPool(host='stats.nba.com', port=443): Read timed out. (read timeout=10)
compute_player_vs_opponent: player 1642268 failed: HTTPSConnectionPool(host='stats.nba.com', port=443): Read timed out. (read timeout=10)
compute_player_vs_opponent: player 1628381 failed: HTTPSConnectionPool(host='stats.nba.com', port=443): Read timed out. (read timeout=10)
compute_player_vs_opponent: player 1628380 failed: HTTPSConnectionPool(host='stats.nba.com', port=443): Read timed out. (read timeout=10)
compute_player_vs_opponent: player 201144 failed: HTTPSConnectionPool(host='stats.nba.com', port=443): Read timed out. (read timeout=10)
compute_player_vs_opponent: player 1626192 failed: HTTPSConnectionPool(host='stats.nba.com', port=443): Read timed out. (read timeout=10)
compute_player_vs_opponent: player 1631451 failed: HTTPSConnectionPool(host='stats.nba.com', port=443): Read timed out. (read timeout=10)
compute_player_vs_opponent: player 1630536 failed: HTTPSConnectionPool(host='stats.nba.com', port=443): Read timed out. (read timeout=10)
compute_player_vs_opponent: player 1641731 failed: HTTPSConnectionPool(host='stats.nba.com', port=443): Read timed out. (read timeout=10)
compute_player_vs_opponent: player 1642907 failed: HTTPSConnectionPool(host='stats.nba.com', port=443): Read timed out. (read timeout=10)
compute_player_vs_opponent: player 1642384 failed: HTTPSConnectionPool(host='stats.nba.com', port=443): Read timed out. (read timeout=10)
compute_player_vs_opponent: player 1643018 failed: HTTPSConnectionPool(host='stats.nba.com', port=443): Read timed out. (read timeout=10)
compute_player_vs_opponent: player 1630595 failed: HTTPSConnectionPool(host='stats.nba.com', port=443): Read timed out. (read timeout=10)
compute_player_vs_opponent: player 203552 failed: HTTPSConnectionPool(host='stats.nba.com', port=443): Read timed out. (read timeout=10)
compute_player_vs_opponent: player 201939 failed: HTTPSConnectionPool(host='stats.nba.com', port=443): Read timed out. (read timeout=10)
compute_player_vs_opponent: player 1642359 failed: HTTPSConnectionPool(host='stats.nba.com', port=443): Read timed out. (read timeout=10)
compute_player_vs_opponent: player 1630700 failed: HTTPSConnectionPool(host='stats.nba.com', port=443): Read timed out. (read timeout=10)
compute_player_vs_opponent: player 1642368 failed: HTTPSConnectionPool(host='stats.nba.com', port=443): Read timed out. (read timeout=10)
compute_player_vs_opponent: player 203076 failed: HTTPSConnectionPool(host='stats.nba.com', port=443): Read timed out. (read timeout=10)
compute_player_vs_opponent: player 1631120 failed: HTTPSConnectionPool(host='stats.nba.com', port=443): Read timed out. (read timeout=10)
compute_player_vs_opponent: player 201942 failed: HTTPSConnectionPool(host='stats.nba.com', port=443): Read timed out. (read timeout=10)
compute_player_vs_opponent: player 1642484 failed: HTTPSConnectionPool(host='stats.nba.com', port=443): Read timed out. (read timeout=10)
compute_player_vs_opponent: player 1628978 failed: HTTPSConnectionPool(host='stats.nba.com', port=443): Read timed out. (read timeout=10)
compute_player_vs_opponent: player 1631217 failed: HTTPSConnectionPool(host='stats.nba.com', port=443): Read timed out. (read timeout=10)
compute_player_vs_opponent: player 1642885 failed: HTTPSConnectionPool(host='stats.nba.com', port=443): Read timed out. (read timeout=10)
compute_player_vs_opponent: player 1641711 failed: HTTPSConnectionPool(host='stats.nba.com', port=443): Read timed out. (read timeout=10)
compute_player_vs_opponent: player 1630621 failed: HTTPSConnectionPool(host='stats.nba.com', port=443): Read timed out. (read timeout=10)
compute_player_vs_opponent: player 1631172 failed: HTTPSConnectionPool(host='stats.nba.com', port=443): Read timed out. (read timeout=10)
compute_player_vs_opponent: player 1642265 failed: HTTPSConnectionPool(host='stats.nba.com', port=443): Read timed out. (read timeout=10)
compute_player_vs_opponent: player 1629029 failed: HTTPSConnectionPool(host='stats.nba.com', port=443): Read timed out. (read timeout=10)
compute_player_vs_opponent: player 1629652 failed: HTTPSConnectionPool(host='stats.nba.com', port=443): Read timed out. (read timeout=10)
compute_player_vs_opponent: player 1630245 failed: HTTPSConnectionPool(host='stats.nba.com', port=443): Read timed out. (read timeout=10)
compute_player_vs_opponent: player 203083 failed: HTTPSConnectionPool(host='stats.nba.com', port=443): Read timed out. (read timeout=10)
compute_player_vs_opponent: player 1627739 failed: HTTPSConnectionPool(host='stats.nba.com', port=443): Read timed out. (read timeout=10)
compute_player_vs_opponent: player 1642346 failed: HTTPSConnectionPool(host='stats.nba.com', port=443): Read timed out. (read timeout=10)
compute_player_vs_opponent: player 201142 failed: HTTPSConnectionPool(host='stats.nba.com', port=443): Read timed out. (read timeout=10)
compute_player_vs_opponent: player 1631105 failed: HTTPSConnectionPool(host='stats.nba.com', port=443): Read timed out. (read timeout=10)
compute_player_vs_opponent: player 1642856 failed: HTTPSConnectionPool(host='stats.nba.com', port=443): Read timed out. (read timeout=10)
compute_player_vs_opponent: player 1631106 failed: HTTPSConnectionPool(host='stats.nba.com', port=443): Read timed out. (read timeout=10)
compute_player_vs_opponent: player 1641744 failed: HTTPSConnectionPool(host='stats.nba.com', port=443): Read timed out. (read timeout=10)
compute_player_vs_opponent: player 1642845 failed: HTTPSConnectionPool(host='stats.nba.com', port=443): Read timed out. (read timeout=10)
compute_player_vs_opponent: player 1630162 failed: HTTPSConnectionPool(host='stats.nba.com', port=443): Read timed out. (read timeout=10)
compute_player_vs_opponent: player 1642348 failed: HTTPSConnectionPool(host='stats.nba.com', port=443): Read timed out. (read timeout=10)
compute_player_vs_opponent: player 1631165 failed: HTTPSConnectionPool(host='stats.nba.com', port=443): Read timed out. (read timeout=10)
compute_player_vs_opponent: player 203954 failed: HTTPSConnectionPool(host='stats.nba.com', port=443): Read timed out. (read timeout=10)
compute_player_vs_opponent: player 1642400 failed: HTTPSConnectionPool(host='stats.nba.com', port=443): Read timed out. (read timeout=10)
compute_player_vs_opponent: player 1642855 failed: HTTPSConnectionPool(host='stats.nba.com', port=443): Read timed out. (read timeout=10)
compute_player_vs_opponent: player 1630623 failed: HTTPSConnectionPool(host='stats.nba.com', port=443): Read timed out. (read timeout=10)
compute_player_vs_opponent: player 1629234 failed: HTTPSConnectionPool(host='stats.nba.com', port=443): Read timed out. (read timeout=10)
compute_player_vs_opponent: player 1641787 failed: HTTPSConnectionPool(host='stats.nba.com', port=443): Read timed out. (read timeout=10)
compute_player_vs_opponent: player 1642847 failed: HTTPSConnectionPool(host='stats.nba.com', port=443): Read timed out. (read timeout=10)
compute_player_vs_opponent: player 1642271 failed: HTTPSConnectionPool(host='stats.nba.com', port=443): Read timed out. (read timeout=10)
compute_player_vs_opponent: player 1627827 failed: HTTPSConnectionPool(host='stats.nba.com', port=443): Read timed out. (read timeout=10)
compute_player_vs_opponent: player 1642843 failed: HTTPSConnectionPool(host='stats.nba.com', port=443): Read timed out. (read timeout=10)
compute_player_vs_opponent: player 1642853 failed: HTTPSConnectionPool(host='stats.nba.com', port=443): Read timed out. (read timeout=10)
compute_player_vs_opponent: player 1642280 failed: HTTPSConnectionPool(host='stats.nba.com', port=443): Read timed out. (read timeout=10)
compute_player_vs_opponent: player 1631323 failed: HTTPSConnectionPool(host='stats.nba.com', port=443): Read timed out. (read timeout=10)
compute_player_vs_opponent: player 1628368 failed: HTTPSConnectionPool(host='stats.nba.com', port=443): Read timed out. (read timeout=10)
compute_player_vs_opponent: player 1642402 failed: HTTPSConnectionPool(host='stats.nba.com', port=443): Read timed out. (read timeout=10)
compute_player_vs_opponent: player 1628365 failed: HTTPSConnectionPool(host='stats.nba.com', port=443): Read timed out. (read timeout=10)
compute_player_vs_opponent: player 1642277 failed: HTTPSConnectionPool(host='stats.nba.com', port=443): Read timed out. (read timeout=10)
compute_player_vs_opponent: player 1629655 failed: HTTPSConnectionPool(host='stats.nba.com', port=443): Read timed out. (read timeout=10)
compute_player_vs_opponent: player 1643158 failed: HTTPSConnectionPool(host='stats.nba.com', port=443): Read timed out. (read timeout=10)
compute_player_vs_opponent: player 1642066 failed: HTTPSConnectionPool(host='stats.nba.com', port=443): Read timed out. (read timeout=10)
compute_player_vs_opponent: player 1629636 failed: HTTPSConnectionPool(host='stats.nba.com', port=443): Read timed out. (read timeout=10)
compute_player_vs_opponent: player 1630568 failed: HTTPSConnectionPool(host='stats.nba.com', port=443): Read timed out. (read timeout=10)
compute_player_vs_opponent: player 1641718 failed: HTTPSConnectionPool(host='stats.nba.com', port=443): Read timed out. (read timeout=10)
compute_player_vs_opponent: player 1642273 failed: HTTPSConnectionPool(host='stats.nba.com', port=443): Read timed out. (read timeout=10)
compute_player_vs_opponent: player 202331 failed: HTTPSConnectionPool(host='stats.nba.com', port=443): Read timed out. (read timeout=10)
compute_player_vs_opponent: player 201959 failed: HTTPSConnectionPool(host='stats.nba.com', port=443): Read timed out. (read timeout=10)
compute_player_vs_opponent: player 1630581 failed: HTTPSConnectionPool(host='stats.nba.com', port=443): Read timed out. (read timeout=10)
compute_player_vs_opponent: player 1642933 failed: HTTPSConnectionPool(host='stats.nba.com', port=443): Read timed out. (read timeout=10)
compute_player_vs_opponent: player 1628983 failed: HTTPSConnectionPool(host='stats.nba.com', port=443): Read timed out. (read timeout=10)
compute_player_vs_opponent: player 1630264 failed: HTTPSConnectionPool(host='stats.nba.com', port=443): Read timed out. (read timeout=10)
compute_player_vs_opponent: player 1631221 failed: HTTPSConnectionPool(host='stats.nba.com', port=443): Read timed out. (read timeout=10)
compute_player_vs_opponent: player 203497 failed: HTTPSConnectionPool(host='stats.nba.com', port=443): Read timed out. (read timeout=10)
compute_player_vs_opponent: player 1642884 failed: HTTPSConnectionPool(host='stats.nba.com', port=443): Read timed out. (read timeout=10)
compute_player_vs_opponent: player 1642864 failed: HTTPSConnectionPool(host='stats.nba.com', port=443): Read timed out. (read timeout=10)
compute_player_vs_opponent: player 1630692 failed: HTTPSConnectionPool(host='stats.nba.com', port=443): Read timed out. (read timeout=10)
compute_player_vs_opponent: player 203932 failed: HTTPSConnectionPool(host='stats.nba.com', port=443): Read timed out. (read timeout=10)
compute_player_vs_opponent: player 201569 failed: HTTPSConnectionPool(host='stats.nba.com', port=443): Read timed out. (read timeout=10)
compute_player_vs_opponent: player 203924 failed: HTTPSConnectionPool(host='stats.nba.com', port=443): Read timed out. (read timeout=10)
compute_player_vs_opponent: player 1631260 failed: HTTPSConnectionPool(host='stats.nba.com', port=443): Read timed out. (read timeout=10)
compute_player_vs_opponent: player 203110 failed: HTTPSConnectionPool(host='stats.nba.com', port=443): Read timed out. (read timeout=10)
compute_player_vs_opponent: player 1630224 failed: HTTPSConnectionPool(host='stats.nba.com', port=443): Read timed out. (read timeout=10)
compute_player_vs_opponent: player 1629750 failed: HTTPSConnectionPool(host='stats.nba.com', port=443): Read timed out. (read timeout=10)
compute_player_vs_opponent: player 201145 failed: HTTPSConnectionPool(host='stats.nba.com', port=443): Read timed out. (read timeout=10)
compute_player_vs_opponent: player 1630182 failed: HTTPSConnectionPool(host='stats.nba.com', port=443): Read timed out. (read timeout=10)
compute_player_vs_opponent: player 1629656 failed: HTTPSConnectionPool(host='stats.nba.com', port=443): Read timed out. (read timeout=10)
compute_player_vs_opponent: player 1631243 failed: HTTPSConnectionPool(host='stats.nba.com', port=443): Read timed out. (read timeout=10)
compute_player_vs_opponent: player 1629060 failed: HTTPSConnectionPool(host='stats.nba.com', port=443): Read timed out. (read timeout=10)
compute_player_vs_opponent: player 1630169 failed: HTTPSConnectionPool(host='stats.nba.com', port=443): Read timed out. (read timeout=10)
compute_player_vs_opponent: player 1641790 failed: HTTPSConnectionPool(host='stats.nba.com', port=443): Read timed out. (read timeout=10)
compute_player_vs_opponent: player 203501 failed: HTTPSConnectionPool(host='stats.nba.com', port=443): Read timed out. (read timeout=10)
compute_player_vs_opponent: player 201935 failed: HTTPSConnectionPool(host='stats.nba.com', port=443): Read timed out. (read timeout=10)
compute_player_vs_opponent: player 1630702 failed: HTTPSConnectionPool(host='stats.nba.com', port=443): Read timed out. (read timeout=10)
compute_player_vs_opponent: player 1641989 failed: HTTPSConnectionPool(host='stats.nba.com', port=443): Read timed out. (read timeout=10)
compute_player_vs_opponent: player 1642844 failed: HTTPSConnectionPool(host='stats.nba.com', port=443): Read timed out. (read timeout=10)
compute_player_vs_opponent: player 1631199 failed: HTTPSConnectionPool(host='stats.nba.com', port=443): Read timed out. (read timeout=10)
compute_player_vs_opponent: player 203914 failed: HTTPSConnectionPool(host='stats.nba.com', port=443): Read timed out. (read timeout=10)
compute_player_vs_opponent: player 202699 failed: HTTPSConnectionPool(host='stats.nba.com', port=443): Read timed out. (read timeout=10)
compute_player_vs_opponent: player 1628404 failed: HTTPSConnectionPool(host='stats.nba.com', port=443): Read timed out. (read timeout=10)
compute_player_vs_opponent: player 1628392 failed: HTTPSConnectionPool(host='stats.nba.com', port=443): Read timed out. (read timeout=10)
compute_player_vs_opponent: player 1630573 failed: HTTPSConnectionPool(host='stats.nba.com', port=443): Read timed out. (read timeout=10)
compute_player_vs_opponent: player 1641722 failed: HTTPSConnectionPool(host='stats.nba.com', port=443): Read timed out. (read timeout=10)
compute_player_vs_opponent: player 1629637 failed: HTTPSConnectionPool(host='stats.nba.com', port=443): Read timed out. (read timeout=10)
compute_player_vs_opponent: player 1630165 failed: HTTPSConnectionPool(host='stats.nba.com', port=443): Read timed out. (read timeout=10)
compute_player_vs_opponent: player 1628502 failed: HTTPSConnectionPool(host='stats.nba.com', port=443): Read timed out. (read timeout=10)
compute_player_vs_opponent: player 1630703 failed: HTTPSConnectionPool(host='stats.nba.com', port=443): Read timed out. (read timeout=10)
compute_player_vs_opponent: player 1641707 failed: HTTPSConnectionPool(host='stats.nba.com', port=443): Read timed out. (read timeout=10)
compute_player_vs_opponent: player 1642935 failed: HTTPSConnectionPool(host='stats.nba.com', port=443): Read timed out. (read timeout=10)
compute_player_vs_opponent: player 1629639 failed: HTTPSConnectionPool(host='stats.nba.com', port=443): Read timed out. (read timeout=10)
compute_player_vs_opponent: player 1627741 failed: HTTPSConnectionPool(host='stats.nba.com', port=443): Read timed out. (read timeout=10)
compute_player_vs_opponent: player 1629312 failed: HTTPSConnectionPool(host='stats.nba.com', port=443): Read timed out. (read timeout=10)
compute_player_vs_opponent: player 1642396 failed: HTTPSConnectionPool(host='stats.nba.com', port=443): Read timed out. (read timeout=10)
compute_player_vs_opponent: player 1628988 failed: HTTPSConnectionPool(host='stats.nba.com', port=443): Read timed out. (read timeout=10)
compute_player_vs_opponent: player 201950 failed: HTTPSConnectionPool(host='stats.nba.com', port=443): Read timed out. (read timeout=10)
compute_player_vs_opponent: player 1641842 failed: HTTPSConnectionPool(host='stats.nba.com', port=443): Read timed out. (read timeout=10)
compute_player_vs_opponent: player 1641747 failed: HTTPSConnectionPool(host='stats.nba.com', port=443): Read timed out. (read timeout=10)
compute_player_vs_opponent: player 1631096 failed: HTTPSConnectionPool(host='stats.nba.com', port=443): Read timed out. (read timeout=10)
compute_player_vs_opponent: player 201143 failed: HTTPSConnectionPool(host='stats.nba.com', port=443): Read timed out. (read timeout=10)
compute_player_vs_opponent: player 1631216 failed: HTTPSConnectionPool(host='stats.nba.com', port=443): Read timed out. (read timeout=10)
compute_player_vs_opponent: player 1641724 failed: HTTPSConnectionPool(host='stats.nba.com', port=443): Read timed out. (read timeout=10)
compute_player_vs_opponent: player 1628989 failed: HTTPSConnectionPool(host='stats.nba.com', port=443): Read timed out. (read timeout=10)
compute_player_vs_opponent: player 1630643 failed: HTTPSConnectionPool(host='stats.nba.com', port=443): Read timed out. (read timeout=10)
compute_player_vs_opponent: player 1630574 failed: HTTPSConnectionPool(host='stats.nba.com', port=443): Read timed out. (read timeout=10)
compute_player_vs_opponent: player 1629631 failed: HTTPSConnectionPool(host='stats.nba.com', port=443): Read timed out. (read timeout=10)
compute_player_vs_opponent: player 1643047 failed: HTTPSConnectionPool(host='stats.nba.com', port=443): Read timed out. (read timeout=10)
compute_player_vs_opponent: player 1630538 failed: HTTPSConnectionPool(host='stats.nba.com', port=443): Read timed out. (read timeout=10)
compute_player_vs_opponent: player 1642345 failed: HTTPSConnectionPool(host='stats.nba.com', port=443): Read timed out. (read timeout=10)
compute_player_vs_opponent: player 204060 failed: HTTPSConnectionPool(host='stats.nba.com', port=443): Read timed out. (read timeout=10)
compute_player_vs_opponent: player 1627742 failed: HTTPSConnectionPool(host='stats.nba.com', port=443): Read timed out. (read timeout=10)
compute_player_vs_opponent: player 1631127 failed: HTTPSConnectionPool(host='stats.nba.com', port=443): Read timed out. (read timeout=10)
compute_player_vs_opponent: player 202681 failed: HTTPSConnectionPool(host='stats.nba.com', port=443): Read timed out. (read timeout=10)
compute_player_vs_opponent: player 1628371 failed: HTTPSConnectionPool(host='stats.nba.com', port=443): Read timed out. (read timeout=10)
compute_player_vs_opponent: player 1631093 failed: HTTPSConnectionPool(host='stats.nba.com', port=443): Read timed out. (read timeout=10)
compute_player_vs_opponent: player 1641713 failed: HTTPSConnectionPool(host='stats.nba.com', port=443): Read timed out. (read timeout=10)
compute_player_vs_opponent: player 1630543 failed: HTTPSConnectionPool(host='stats.nba.com', port=443): Read timed out. (read timeout=10)
compute_player_vs_opponent: player 1631245 failed: HTTPSConnectionPool(host='stats.nba.com', port=443): Read timed out. (read timeout=10)
compute_player_vs_opponent: player 1641748 failed: HTTPSConnectionPool(host='stats.nba.com', port=443): Read timed out. (read timeout=10)
compute_player_vs_opponent: player 1628991 failed: HTTPSConnectionPool(host='stats.nba.com', port=443): Read timed out. (read timeout=10)
compute_player_vs_opponent: player 1631218 failed: HTTPSConnectionPool(host='stats.nba.com', port=443): Read timed out. (read timeout=10)
compute_player_vs_opponent: player 1642857 failed: HTTPSConnectionPool(host='stats.nba.com', port=443): Read timed out. (read timeout=10)
compute_player_vs_opponent: player 1642355 failed: HTTPSConnectionPool(host='stats.nba.com', port=443): Read timed out. (read timeout=10)
compute_player_vs_opponent: player 2544 failed: HTTPSConnectionPool(host='stats.nba.com', port=443): Read timed out. (read timeout=10)
compute_player_vs_opponent: player 1642883 failed: HTTPSConnectionPool(host='stats.nba.com', port=443): Read timed out. (read timeout=10)
compute_player_vs_opponent: player 1631170 failed: HTTPSConnectionPool(host='stats.nba.com', port=443): Read timed out. (read timeout=10)
compute_player_vs_opponent: player 1630610 failed: HTTPSConnectionPool(host='stats.nba.com', port=443): Read timed out. (read timeout=10)
compute_player_vs_opponent: player 1629610 failed: HTTPSConnectionPool(host='stats.nba.com', port=443): Read timed out. (read timeout=10)
compute_player_vs_opponent: player 1641998 failed: HTTPSConnectionPool(host='stats.nba.com', port=443): Read timed out. (read timeout=10)
compute_player_vs_opponent: player 1642450 failed: HTTPSConnectionPool(host='stats.nba.com', port=443): Read timed out. (read timeout=10)
compute_player_vs_opponent: player 1629660 failed: HTTPSConnectionPool(host='stats.nba.com', port=443): Read timed out. (read timeout=10)
compute_player_vs_opponent: player 1630198 failed: HTTPSConnectionPool(host='stats.nba.com', port=443): Read timed out. (read timeout=10)
compute_player_vs_opponent: player 1642358 failed: HTTPSConnectionPool(host='stats.nba.com', port=443): Read timed out. (read timeout=10)
compute_player_vs_opponent: player 1630587 failed: HTTPSConnectionPool(host='stats.nba.com', port=443): Read timed out. (read timeout=10)
  player vs opponent: 4256 rows
computing team rest splits (30 teams)...
compute_team_rest_splits: team 1610612737 failed: HTTPSConnectionPool(host='stats.nba.com', port=443): Read timed out. (read timeout=30)
compute_team_rest_splits: team 1610612756 failed: HTTPSConnectionPool(host='stats.nba.com', port=443): Read timed out. (read timeout=30)
  team rest splits: 28 rows
computing player year-over-year stats (up to 400 players)...
compute_player_yoy: player 201142 failed: HTTPSConnectionPool(host='stats.nba.com', port=443): Read timed out. (read timeout=20)
compute_player_yoy: player 1629660 failed: HTTPSConnectionPool(host='stats.nba.com', port=443): Read timed out. (read timeout=20)
compute_player_yoy: player 1631213 failed: HTTPSConnectionPool(host='stats.nba.com', port=443): Read timed out. (read timeout=20)
  player yoy: 0 rows
[precompute] done: {'season': '2025-26', 'updated_at': 1775712544, 'dvp_rows': 150, 'defender_rows': 170, 'ref_rows': 222, 'team_stats_rows': 30, 'foul_rate_rows': 30, 'rolling_dvp_rows': 60, 'adv_rows': 579, 'clutch_rows': 485, 'hustle_rows': 576, 'shot_profile_rows': 570, 'play_type_rows': 427, 'on_off_rows': 657, 'shot_zone_rows': 395, 'quarter_split_rows': 166, 'opp_shot_zone_rows': 30, 'synergy_def_rows': 30, 'tracking_rows': 579, 'standings_rows': 30, 'scoring_breakdown_rows': 579, 'player_vs_opp_rows': 4256, 'team_rest_rows': 28, 'player_yoy_rows': 0}
