/Users/rithv/Library/Python/3.9/lib/python/site-packages/urllib3/__init__.py:35: NotOpenSSLWarning: urllib3 v2 only supports OpenSSL 1.1.1+, currently the 'ssl' module is compiled with 'LibreSSL 2.8.3'. See: https://github.com/urllib3/urllib3/issues/3020
  warnings.warn(
team_stats base fetch failed: __init__() got an unexpected keyword argument 'measure_type_detailed'
team_stats scoring fetch failed: __init__() got an unexpected keyword argument 'measure_type_detailed'
team_stats opponent fetch failed: __init__() got an unexpected keyword argument 'measure_type_detailed'
team_stats opp_last5 fetch failed: __init__() got an unexpected keyword argument 'measure_type_detailed'
team_stats base_last5 fetch failed: __init__() got an unexpected keyword argument 'measure_type_detailed'
computing advanced player stats...
compute_advanced_player_stats: advanced fetch failed: __init__() got an unexpected keyword argument 'measure_type_detailed'
  advanced player stats: 579 rows
computing clutch stats...
compute_clutch_stats: fetch failed: __init__() got an unexpected keyword argument 'per_mode_simple'
  clutch stats: 0 rows
computing hustle stats...
  hustle stats: 576 rows
computing shot profile...
  shot profile: 570 rows
computing synergy play types...
compute_synergy_play_types: fetch failed for Isolation: __init__() got an unexpected keyword argument 'season_year_nullable'
compute_synergy_play_types: fetch failed for PRBallHandler: __init__() got an unexpected keyword argument 'season_year_nullable'
compute_synergy_play_types: fetch failed for PRRollman: __init__() got an unexpected keyword argument 'season_year_nullable'
compute_synergy_play_types: fetch failed for Postup: __init__() got an unexpected keyword argument 'season_year_nullable'
compute_synergy_play_types: fetch failed for Spotup: __init__() got an unexpected keyword argument 'season_year_nullable'
compute_synergy_play_types: fetch failed for Transition: __init__() got an unexpected keyword argument 'season_year_nullable'
compute_synergy_play_types: fetch failed for Cut: __init__() got an unexpected keyword argument 'season_year_nullable'
  play types: 0 rows
computing on/off ratings...
compute_on_off_ratings: team 1610612737 failed: __init__() got an unexpected keyword argument 'season_nullable'
compute_on_off_ratings: team 1610612738 failed: __init__() got an unexpected keyword argument 'season_nullable'
compute_on_off_ratings: team 1610612739 failed: __init__() got an unexpected keyword argument 'season_nullable'
compute_on_off_ratings: team 1610612740 failed: __init__() got an unexpected keyword argument 'season_nullable'
compute_on_off_ratings: team 1610612741 failed: __init__() got an unexpected keyword argument 'season_nullable'
compute_on_off_ratings: team 1610612742 failed: __init__() got an unexpected keyword argument 'season_nullable'
compute_on_off_ratings: team 1610612743 failed: __init__() got an unexpected keyword argument 'season_nullable'
compute_on_off_ratings: team 1610612744 failed: __init__() got an unexpected keyword argument 'season_nullable'
compute_on_off_ratings: team 1610612745 failed: __init__() got an unexpected keyword argument 'season_nullable'
compute_on_off_ratings: team 1610612746 failed: __init__() got an unexpected keyword argument 'season_nullable'
compute_on_off_ratings: team 1610612747 failed: __init__() got an unexpected keyword argument 'season_nullable'
compute_on_off_ratings: team 1610612748 failed: __init__() got an unexpected keyword argument 'season_nullable'
compute_on_off_ratings: team 1610612749 failed: __init__() got an unexpected keyword argument 'season_nullable'
compute_on_off_ratings: team 1610612750 failed: __init__() got an unexpected keyword argument 'season_nullable'
compute_on_off_ratings: team 1610612751 failed: __init__() got an unexpected keyword argument 'season_nullable'
compute_on_off_ratings: team 1610612752 failed: __init__() got an unexpected keyword argument 'season_nullable'
compute_on_off_ratings: team 1610612753 failed: __init__() got an unexpected keyword argument 'season_nullable'
compute_on_off_ratings: team 1610612754 failed: __init__() got an unexpected keyword argument 'season_nullable'
compute_on_off_ratings: team 1610612755 failed: __init__() got an unexpected keyword argument 'season_nullable'
compute_on_off_ratings: team 1610612756 failed: __init__() got an unexpected keyword argument 'season_nullable'
compute_on_off_ratings: team 1610612757 failed: __init__() got an unexpected keyword argument 'season_nullable'
compute_on_off_ratings: team 1610612758 failed: __init__() got an unexpected keyword argument 'season_nullable'
compute_on_off_ratings: team 1610612759 failed: __init__() got an unexpected keyword argument 'season_nullable'
compute_on_off_ratings: team 1610612760 failed: __init__() got an unexpected keyword argument 'season_nullable'
compute_on_off_ratings: team 1610612761 failed: __init__() got an unexpected keyword argument 'season_nullable'
compute_on_off_ratings: team 1610612762 failed: __init__() got an unexpected keyword argument 'season_nullable'
compute_on_off_ratings: team 1610612763 failed: __init__() got an unexpected keyword argument 'season_nullable'
compute_on_off_ratings: team 1610612764 failed: __init__() got an unexpected keyword argument 'season_nullable'
compute_on_off_ratings: team 1610612765 failed: __init__() got an unexpected keyword argument 'season_nullable'
compute_on_off_ratings: team 1610612766 failed: __init__() got an unexpected keyword argument 'season_nullable'
  on/off ratings: 0 rows
computing shot zone breakdown (up to 400 players)...
