/Users/rithv/Library/Python/3.9/lib/python/site-packages/urllib3/__init__.py:35: NotOpenSSLWarning: urllib3 v2 only supports OpenSSL 1.1.1+, currently the 'ssl' module is compiled with 'LibreSSL 2.8.3'. See: https://github.com/urllib3/urllib3/issues/3020
  warnings.warn(
team_stats base fetch failed: __init__() got an unexpected keyword argument 'measure_type_detailed'
team_stats scoring fetch failed: __init__() got an unexpected keyword argument 'measure_type_detailed'
team_stats opponent fetch failed: __init__() got an unexpected keyword argument 'measure_type_detailed'
team_stats opp_last5 fetch failed: __init__() got an unexpected keyword argument 'measure_type_detailed'
team_stats base_last5 fetch failed: __init__() got an unexpected keyword argument 'measure_type_detailed'
computing advanced player stats...
compute_advanced_player_stats: advanced fetch failed: __init__() got an unexpected keyword argument 'measure_type_detailed'
  advanced player stats: 579 rows
computing clutch stats...
compute_clutch_stats: fetch failed: __init__() got an unexpected keyword argument 'per_mode_simple'
  clutch stats: 0 rows
computing hustle stats...
  hustle stats: 576 rows
computing shot profile...
  shot profile: 570 rows
computing synergy play types...
compute_synergy_play_types: fetch failed for Isolation: __init__() got an unexpected keyword argument 'season_year_nullable'
compute_synergy_play_types: fetch failed for PRBallHandler: __init__() got an unexpected keyword argument 'season_year_nullable'
compute_synergy_play_types: fetch failed for PRRollman: __init__() got an unexpected keyword argument 'season_year_nullable'
compute_synergy_play_types: fetch failed for Postup: __init__() got an unexpected keyword argument 'season_year_nullable'
compute_synergy_play_types: fetch failed for Spotup: __init__() got an unexpected keyword argument 'season_year_nullable'
compute_synergy_play_types: fetch failed for Transition: __init__() got an unexpected keyword argument 'season_year_nullable'
compute_synergy_play_types: fetch failed for Cut: __init__() got an unexpected keyword argument 'season_year_nullable'
  play types: 0 rows
computing on/off ratings...
compute_on_off_ratings: team 1610612737 failed: __init__() got an unexpected keyword argument 'season_nullable'
compute_on_off_ratings: team 1610612738 failed: __init__() got an unexpected keyword argument 'season_nullable'
compute_on_off_ratings: team 1610612739 failed: __init__() got an unexpected keyword argument 'season_nullable'
compute_on_off_ratings: team 1610612740 failed: __init__() got an unexpected keyword argument 'season_nullable'
compute_on_off_ratings: team 1610612741 failed: __init__() got an unexpected keyword argument 'season_nullable'
compute_on_off_ratings: team 1610612742 failed: __init__() got an unexpected keyword argument 'season_nullable'
compute_on_off_ratings: team 1610612743 failed: __init__() got an unexpected keyword argument 'season_nullable'
compute_on_off_ratings: team 1610612744 failed: __init__() got an unexpected keyword argument 'season_nullable'
compute_on_off_ratings: team 1610612745 failed: __init__() got an unexpected keyword argument 'season_nullable'
compute_on_off_ratings: team 1610612746 failed: __init__() got an unexpected keyword argument 'season_nullable'
compute_on_off_ratings: team 1610612747 failed: __init__() got an unexpected keyword argument 'season_nullable'
compute_on_off_ratings: team 1610612748 failed: __init__() got an unexpected keyword argument 'season_nullable'
compute_on_off_ratings: team 1610612749 failed: __init__() got an unexpected keyword argument 'season_nullable'
compute_on_off_ratings: team 1610612750 failed: __init__() got an unexpected keyword argument 'season_nullable'
compute_on_off_ratings: team 1610612751 failed: __init__() got an unexpected keyword argument 'season_nullable'
compute_on_off_ratings: team 1610612752 failed: __init__() got an unexpected keyword argument 'season_nullable'
compute_on_off_ratings: team 1610612753 failed: __init__() got an unexpected keyword argument 'season_nullable'
compute_on_off_ratings: team 1610612754 failed: __init__() got an unexpected keyword argument 'season_nullable'
compute_on_off_ratings: team 1610612755 failed: __init__() got an unexpected keyword argument 'season_nullable'
compute_on_off_ratings: team 1610612756 failed: __init__() got an unexpected keyword argument 'season_nullable'
compute_on_off_ratings: team 1610612757 failed: __init__() got an unexpected keyword argument 'season_nullable'
compute_on_off_ratings: team 1610612758 failed: __init__() got an unexpected keyword argument 'season_nullable'
compute_on_off_ratings: team 1610612759 failed: __init__() got an unexpected keyword argument 'season_nullable'
compute_on_off_ratings: team 1610612760 failed: __init__() got an unexpected keyword argument 'season_nullable'
compute_on_off_ratings: team 1610612761 failed: __init__() got an unexpected keyword argument 'season_nullable'
compute_on_off_ratings: team 1610612762 failed: __init__() got an unexpected keyword argument 'season_nullable'
compute_on_off_ratings: team 1610612763 failed: __init__() got an unexpected keyword argument 'season_nullable'
compute_on_off_ratings: team 1610612764 failed: __init__() got an unexpected keyword argument 'season_nullable'
compute_on_off_ratings: team 1610612765 failed: __init__() got an unexpected keyword argument 'season_nullable'
compute_on_off_ratings: team 1610612766 failed: __init__() got an unexpected keyword argument 'season_nullable'
  on/off ratings: 0 rows
computing shot zone breakdown (up to 400 players)...
compute_shot_zone_breakdown: player 1630173 failed: __init__() got an unexpected keyword argument 'per_mode_overall'
compute_shot_zone_breakdown: player 203500 failed: __init__() got an unexpected keyword argument 'per_mode_overall'
compute_shot_zone_breakdown: player 1628389 failed: __init__() got an unexpected keyword argument 'per_mode_overall'
compute_shot_zone_breakdown: player 1630534 failed: __init__() got an unexpected keyword argument 'per_mode_overall'
compute_shot_zone_breakdown: player 1630583 failed: __init__() got an unexpected keyword argument 'per_mode_overall'
compute_shot_zone_breakdown: player 1641725 failed: __init__() got an unexpected keyword argument 'per_mode_overall'
compute_shot_zone_breakdown: player 1629638 failed: __init__() got an unexpected keyword argument 'per_mode_overall'
compute_shot_zone_breakdown: player 1628960 failed: __init__() got an unexpected keyword argument 'per_mode_overall'
compute_shot_zone_breakdown: player 1628386 failed: __init__() got an unexpected keyword argument 'per_mode_overall'
compute_shot_zone_breakdown: player 1630631 failed: __init__() got an unexpected keyword argument 'per_mode_overall'
compute_shot_zone_breakdown: player 203937 failed: __init__() got an unexpected keyword argument 'per_mode_overall'
compute_shot_zone_breakdown: player 1630828 failed: __init__() got an unexpected keyword argument 'per_mode_overall'
compute_shot_zone_breakdown: player 203507 failed: __init__() got an unexpected keyword argument 'per_mode_overall'
compute_shot_zone_breakdown: player 203648 failed: __init__() got an unexpected keyword argument 'per_mode_overall'
compute_shot_zone_breakdown: player 1630175 failed: __init__() got an unexpected keyword argument 'per_mode_overall'
compute_shot_zone_breakdown: player 1628384 failed: __init__() got an unexpected keyword argument 'per_mode_overall'
compute_shot_zone_breakdown: player 1630166 failed: __init__() got an unexpected keyword argument 'per_mode_overall'
compute_shot_zone_breakdown: player 1629028 failed: __init__() got an unexpected keyword argument 'per_mode_overall'
compute_shot_zone_breakdown: player 1628963 failed: __init__() got an unexpected keyword argument 'per_mode_overall'
compute_shot_zone_breakdown: player 1642846 failed: __init__() got an unexpected keyword argument 'per_mode_overall'
compute_shot_zone_breakdown: player 1642380 failed: __init__() got an unexpected keyword argument 'per_mode_overall'
compute_shot_zone_breakdown: player 1631116 failed: __init__() got an unexpected keyword argument 'per_mode_overall'
compute_shot_zone_breakdown: player 1630163 failed: __init__() got an unexpected keyword argument 'per_mode_overall'
compute_shot_zone_breakdown: player 1628366 failed: __init__() got an unexpected keyword argument 'per_mode_overall'
compute_shot_zone_breakdown: player 1628964 failed: __init__() got an unexpected keyword argument 'per_mode_overall'
compute_shot_zone_breakdown: player 1631094 failed: __init__() got an unexpected keyword argument 'per_mode_overall'
compute_shot_zone_breakdown: player 1630217 failed: __init__() got an unexpected keyword argument 'per_mode_overall'
compute_shot_zone_breakdown: player 1630625 failed: __init__() got an unexpected keyword argument 'per_mode_overall'
compute_shot_zone_breakdown: player 1631230 failed: __init__() got an unexpected keyword argument 'per_mode_overall'
compute_shot_zone_breakdown: player 203084 failed: __init__() got an unexpected keyword argument 'per_mode_overall'
compute_shot_zone_breakdown: player 1630567 failed: __init__() got an unexpected keyword argument 'per_mode_overall'
compute_shot_zone_breakdown: player 1642964 failed: __init__() got an unexpected keyword argument 'per_mode_overall'
compute_shot_zone_breakdown: player 1629628 failed: __init__() got an unexpected keyword argument 'per_mode_overall'
compute_shot_zone_breakdown: player 1629646 failed: __init__() got an unexpected keyword argument 'per_mode_overall'
compute_shot_zone_breakdown: player 1642419 failed: __init__() got an unexpected keyword argument 'per_mode_overall'
compute_shot_zone_breakdown: player 201587 failed: __init__() got an unexpected keyword argument 'per_mode_overall'
compute_shot_zone_breakdown: player 203078 failed: __init__() got an unexpected keyword argument 'per_mode_overall'
compute_shot_zone_breakdown: player 1630699 failed: __init__() got an unexpected keyword argument 'per_mode_overall'
compute_shot_zone_breakdown: player 1642866 failed: __init__() got an unexpected keyword argument 'per_mode_overall'
compute_shot_zone_breakdown: player 1630180 failed: __init__() got an unexpected keyword argument 'per_mode_overall'
compute_shot_zone_breakdown: player 1629048 failed: __init__() got an unexpected keyword argument 'per_mode_overall'
compute_shot_zone_breakdown: player 202687 failed: __init__() got an unexpected keyword argument 'per_mode_overall'
compute_shot_zone_breakdown: player 1641710 failed: __init__() got an unexpected keyword argument 'per_mode_overall'
compute_shot_zone_breakdown: player 1641778 failed: __init__() got an unexpected keyword argument 'per_mode_overall'
compute_shot_zone_breakdown: player 1631205 failed: __init__() got an unexpected keyword argument 'per_mode_overall'
compute_shot_zone_breakdown: player 203992 failed: __init__() got an unexpected keyword argument 'per_mode_overall'
compute_shot_zone_breakdown: player 1641737 failed: __init__() got an unexpected keyword argument 'per_mode_overall'
compute_shot_zone_breakdown: player 1626164 failed: __init__() got an unexpected keyword argument 'per_mode_overall'
compute_shot_zone_breakdown: player 1628449 failed: __init__() got an unexpected keyword argument 'per_mode_overall'
compute_shot_zone_breakdown: player 1631123 failed: __init__() got an unexpected keyword argument 'per_mode_overall'
compute_shot_zone_breakdown: player 1628396 failed: __init__() got an unexpected keyword argument 'per_mode_overall'
compute_shot_zone_breakdown: player 1631103 failed: __init__() got an unexpected keyword argument 'per_mode_overall'
compute_shot_zone_breakdown: player 1631128 failed: __init__() got an unexpected keyword argument 'per_mode_overall'
compute_shot_zone_breakdown: player 1642886 failed: __init__() got an unexpected keyword argument 'per_mode_overall'
compute_shot_zone_breakdown: player 1628969 failed: __init__() got an unexpected keyword argument 'per_mode_overall'
compute_shot_zone_breakdown: player 1628970 failed: __init__() got an unexpected keyword argument 'per_mode_overall'
compute_shot_zone_breakdown: player 1628415 failed: __init__() got an unexpected keyword argument 'per_mode_overall'
compute_shot_zone_breakdown: player 1641780 failed: __init__() got an unexpected keyword argument 'per_mode_overall'
compute_shot_zone_breakdown: player 1628971 failed: __init__() got an unexpected keyword argument 'per_mode_overall'
compute_shot_zone_breakdown: player 1642468 failed: __init__() got an unexpected keyword argument 'per_mode_overall'
compute_shot_zone_breakdown: player 1627759 failed: __init__() got an unexpected keyword argument 'per_mode_overall'
compute_shot_zone_breakdown: player 1641738 failed: __init__() got an unexpected keyword argument 'per_mode_overall'
compute_shot_zone_breakdown: player 1628973 failed: __init__() got an unexpected keyword argument 'per_mode_overall'
compute_shot_zone_breakdown: player 1642868 failed: __init__() got an unexpected keyword argument 'per_mode_overall'
compute_shot_zone_breakdown: player 1628418 failed: __init__() got an unexpected keyword argument 'per_mode_overall'
compute_shot_zone_breakdown: player 1641723 failed: __init__() got an unexpected keyword argument 'per_mode_overall'
compute_shot_zone_breakdown: player 1631174 failed: __init__() got an unexpected keyword argument 'per_mode_overall'
compute_shot_zone_breakdown: player 202710 failed: __init__() got an unexpected keyword argument 'per_mode_overall'
compute_shot_zone_breakdown: player 1641824 failed: __init__() got an unexpected keyword argument 'per_mode_overall'
compute_shot_zone_breakdown: player 1631288 failed: __init__() got an unexpected keyword argument 'per_mode_overall'
compute_shot_zone_breakdown: player 203484 failed: __init__() got an unexpected keyword argument 'per_mode_overall'
compute_shot_zone_breakdown: player 1641739 failed: __init__() got an unexpected keyword argument 'per_mode_overall'
compute_shot_zone_breakdown: player 203991 failed: __init__() got an unexpected keyword argument 'per_mode_overall'
compute_shot_zone_breakdown: player 1642928 failed: __init__() got an unexpected keyword argument 'per_mode_overall'
compute_shot_zone_breakdown: player 1642382 failed: __init__() got an unexpected keyword argument 'per_mode_overall'
compute_shot_zone_breakdown: player 1642267 failed: __init__() got an unexpected keyword argument 'per_mode_overall'
compute_shot_zone_breakdown: player 1642269 failed: __init__() got an unexpected keyword argument 'per_mode_overall'
compute_shot_zone_breakdown: player 1628975 failed: __init__() got an unexpected keyword argument 'per_mode_overall'
compute_shot_zone_breakdown: player 1628976 failed: __init__() got an unexpected keyword argument 'per_mode_overall'
compute_shot_zone_breakdown: player 1627936 failed: __init__() got an unexpected keyword argument 'per_mode_overall'
compute_shot_zone_breakdown: player 1642264 failed: __init__() got an unexpected keyword argument 'per_mode_overall'
compute_shot_zone_breakdown: player 1630658 failed: __init__() got an unexpected keyword argument 'per_mode_overall'
compute_shot_zone_breakdown: player 1630577 failed: __init__() got an unexpected keyword argument 'per_mode_overall'
compute_shot_zone_breakdown: player 1630551 failed: __init__() got an unexpected keyword argument 'per_mode_overall'
compute_shot_zone_breakdown: player 1631113 failed: __init__() got an unexpected keyword argument 'per_mode_overall'
compute_shot_zone_breakdown: player 1642353 failed: __init__() got an unexpected keyword argument 'per_mode_overall'
compute_shot_zone_breakdown: player 1631108 failed: __init__() got an unexpected keyword argument 'per_mode_overall'
compute_shot_zone_breakdown: player 1630619 failed: __init__() got an unexpected keyword argument 'per_mode_overall'
compute_shot_zone_breakdown: player 1631321 failed: __init__() got an unexpected keyword argument 'per_mode_overall'
compute_shot_zone_breakdown: player 1641740 failed: __init__() got an unexpected keyword argument 'per_mode_overall'
compute_shot_zone_breakdown: player 1629634 failed: __init__() got an unexpected keyword argument 'per_mode_overall'
compute_shot_zone_breakdown: player 203903 failed: __init__() got an unexpected keyword argument 'per_mode_overall'
compute_shot_zone_breakdown: player 1629651 failed: __init__() got an unexpected keyword argument 'per_mode_overall'
compute_shot_zone_breakdown: player 1642383 failed: __init__() got an unexpected keyword argument 'per_mode_overall'
compute_shot_zone_breakdown: player 1642363 failed: __init__() got an unexpected keyword argument 'per_mode_overall'
compute_shot_zone_breakdown: player 1642270 failed: __init__() got an unexpected keyword argument 'per_mode_overall'
compute_shot_zone_breakdown: player 1641730 failed: __init__() got an unexpected keyword argument 'per_mode_overall'
compute_shot_zone_breakdown: player 1629599 failed: __init__() got an unexpected keyword argument 'per_mode_overall'
compute_shot_zone_breakdown: player 1642268 failed: __init__() got an unexpected keyword argument 'per_mode_overall'
compute_shot_zone_breakdown: player 1628381 failed: __init__() got an unexpected keyword argument 'per_mode_overall'
compute_shot_zone_breakdown: player 1628380 failed: __init__() got an unexpected keyword argument 'per_mode_overall'
compute_shot_zone_breakdown: player 201144 failed: __init__() got an unexpected keyword argument 'per_mode_overall'
compute_shot_zone_breakdown: player 1626192 failed: __init__() got an unexpected keyword argument 'per_mode_overall'
compute_shot_zone_breakdown: player 1631451 failed: __init__() got an unexpected keyword argument 'per_mode_overall'
compute_shot_zone_breakdown: player 1630536 failed: __init__() got an unexpected keyword argument 'per_mode_overall'
compute_shot_zone_breakdown: player 1641731 failed: __init__() got an unexpected keyword argument 'per_mode_overall'
compute_shot_zone_breakdown: player 1642907 failed: __init__() got an unexpected keyword argument 'per_mode_overall'
compute_shot_zone_breakdown: player 1642384 failed: __init__() got an unexpected keyword argument 'per_mode_overall'
compute_shot_zone_breakdown: player 1643018 failed: __init__() got an unexpected keyword argument 'per_mode_overall'
compute_shot_zone_breakdown: player 1630595 failed: __init__() got an unexpected keyword argument 'per_mode_overall'
compute_shot_zone_breakdown: player 203552 failed: __init__() got an unexpected keyword argument 'per_mode_overall'
compute_shot_zone_breakdown: player 201939 failed: __init__() got an unexpected keyword argument 'per_mode_overall'
compute_shot_zone_breakdown: player 1642359 failed: __init__() got an unexpected keyword argument 'per_mode_overall'
compute_shot_zone_breakdown: player 1630700 failed: __init__() got an unexpected keyword argument 'per_mode_overall'
compute_shot_zone_breakdown: player 1642368 failed: __init__() got an unexpected keyword argument 'per_mode_overall'
compute_shot_zone_breakdown: player 203076 failed: __init__() got an unexpected keyword argument 'per_mode_overall'
compute_shot_zone_breakdown: player 1631120 failed: __init__() got an unexpected keyword argument 'per_mode_overall'
compute_shot_zone_breakdown: player 201942 failed: __init__() got an unexpected keyword argument 'per_mode_overall'
compute_shot_zone_breakdown: player 1642484 failed: __init__() got an unexpected keyword argument 'per_mode_overall'
compute_shot_zone_breakdown: player 1628978 failed: __init__() got an unexpected keyword argument 'per_mode_overall'
compute_shot_zone_breakdown: player 1631217 failed: __init__() got an unexpected keyword argument 'per_mode_overall'
compute_shot_zone_breakdown: player 1642885 failed: __init__() got an unexpected keyword argument 'per_mode_overall'
compute_shot_zone_breakdown: player 1641711 failed: __init__() got an unexpected keyword argument 'per_mode_overall'
compute_shot_zone_breakdown: player 1630621 failed: __init__() got an unexpected keyword argument 'per_mode_overall'
compute_shot_zone_breakdown: player 1631172 failed: __init__() got an unexpected keyword argument 'per_mode_overall'
compute_shot_zone_breakdown: player 1642265 failed: __init__() got an unexpected keyword argument 'per_mode_overall'
compute_shot_zone_breakdown: player 1629029 failed: __init__() got an unexpected keyword argument 'per_mode_overall'
compute_shot_zone_breakdown: player 1629652 failed: __init__() got an unexpected keyword argument 'per_mode_overall'
compute_shot_zone_breakdown: player 1630245 failed: __init__() got an unexpected keyword argument 'per_mode_overall'
compute_shot_zone_breakdown: player 203083 failed: __init__() got an unexpected keyword argument 'per_mode_overall'
compute_shot_zone_breakdown: player 1627739 failed: __init__() got an unexpected keyword argument 'per_mode_overall'
compute_shot_zone_breakdown: player 1642346 failed: __init__() got an unexpected keyword argument 'per_mode_overall'
compute_shot_zone_breakdown: player 201142 failed: __init__() got an unexpected keyword argument 'per_mode_overall'
compute_shot_zone_breakdown: player 1631105 failed: __init__() got an unexpected keyword argument 'per_mode_overall'
compute_shot_zone_breakdown: player 1642856 failed: __init__() got an unexpected keyword argument 'per_mode_overall'
compute_shot_zone_breakdown: player 1631106 failed: __init__() got an unexpected keyword argument 'per_mode_overall'
compute_shot_zone_breakdown: player 1641744 failed: __init__() got an unexpected keyword argument 'per_mode_overall'
compute_shot_zone_breakdown: player 1642845 failed: __init__() got an unexpected keyword argument 'per_mode_overall'
compute_shot_zone_breakdown: player 1630162 failed: __init__() got an unexpected keyword argument 'per_mode_overall'
compute_shot_zone_breakdown: player 1642348 failed: __init__() got an unexpected keyword argument 'per_mode_overall'
compute_shot_zone_breakdown: player 1631165 failed: __init__() got an unexpected keyword argument 'per_mode_overall'
compute_shot_zone_breakdown: player 203954 failed: __init__() got an unexpected keyword argument 'per_mode_overall'
compute_shot_zone_breakdown: player 1642400 failed: __init__() got an unexpected keyword argument 'per_mode_overall'
compute_shot_zone_breakdown: player 1642855 failed: __init__() got an unexpected keyword argument 'per_mode_overall'
compute_shot_zone_breakdown: player 1630623 failed: __init__() got an unexpected keyword argument 'per_mode_overall'
compute_shot_zone_breakdown: player 1629234 failed: __init__() got an unexpected keyword argument 'per_mode_overall'
compute_shot_zone_breakdown: player 1641787 failed: __init__() got an unexpected keyword argument 'per_mode_overall'
compute_shot_zone_breakdown: player 1642847 failed: __init__() got an unexpected keyword argument 'per_mode_overall'
compute_shot_zone_breakdown: player 1642271 failed: __init__() got an unexpected keyword argument 'per_mode_overall'
compute_shot_zone_breakdown: player 1627827 failed: __init__() got an unexpected keyword argument 'per_mode_overall'
compute_shot_zone_breakdown: player 1642843 failed: __init__() got an unexpected keyword argument 'per_mode_overall'
compute_shot_zone_breakdown: player 1642853 failed: __init__() got an unexpected keyword argument 'per_mode_overall'
compute_shot_zone_breakdown: player 1642280 failed: __init__() got an unexpected keyword argument 'per_mode_overall'
compute_shot_zone_breakdown: player 1631323 failed: __init__() got an unexpected keyword argument 'per_mode_overall'
compute_shot_zone_breakdown: player 1628368 failed: __init__() got an unexpected keyword argument 'per_mode_overall'
compute_shot_zone_breakdown: player 1642402 failed: __init__() got an unexpected keyword argument 'per_mode_overall'
compute_shot_zone_breakdown: player 1628365 failed: __init__() got an unexpected keyword argument 'per_mode_overall'
compute_shot_zone_breakdown: player 1642277 failed: __init__() got an unexpected keyword argument 'per_mode_overall'
compute_shot_zone_breakdown: player 1629655 failed: __init__() got an unexpected keyword argument 'per_mode_overall'
compute_shot_zone_breakdown: player 1643158 failed: __init__() got an unexpected keyword argument 'per_mode_overall'
compute_shot_zone_breakdown: player 1642066 failed: __init__() got an unexpected keyword argument 'per_mode_overall'
compute_shot_zone_breakdown: player 1629636 failed: __init__() got an unexpected keyword argument 'per_mode_overall'
compute_shot_zone_breakdown: player 1630568 failed: __init__() got an unexpected keyword argument 'per_mode_overall'
compute_shot_zone_breakdown: player 1641718 failed: __init__() got an unexpected keyword argument 'per_mode_overall'
compute_shot_zone_breakdown: player 1642273 failed: __init__() got an unexpected keyword argument 'per_mode_overall'
compute_shot_zone_breakdown: player 202331 failed: __init__() got an unexpected keyword argument 'per_mode_overall'
compute_shot_zone_breakdown: player 201959 failed: __init__() got an unexpected keyword argument 'per_mode_overall'
compute_shot_zone_breakdown: player 1630581 failed: __init__() got an unexpected keyword argument 'per_mode_overall'
compute_shot_zone_breakdown: player 1642933 failed: __init__() got an unexpected keyword argument 'per_mode_overall'
compute_shot_zone_breakdown: player 1628983 failed: __init__() got an unexpected keyword argument 'per_mode_overall'
compute_shot_zone_breakdown: player 1630264 failed: __init__() got an unexpected keyword argument 'per_mode_overall'
compute_shot_zone_breakdown: player 1631221 failed: __init__() got an unexpected keyword argument 'per_mode_overall'
compute_shot_zone_breakdown: player 203497 failed: __init__() got an unexpected keyword argument 'per_mode_overall'
compute_shot_zone_breakdown: player 1642884 failed: __init__() got an unexpected keyword argument 'per_mode_overall'
compute_shot_zone_breakdown: player 1642864 failed: __init__() got an unexpected keyword argument 'per_mode_overall'
compute_shot_zone_breakdown: player 1630692 failed: __init__() got an unexpected keyword argument 'per_mode_overall'
compute_shot_zone_breakdown: player 203932 failed: __init__() got an unexpected keyword argument 'per_mode_overall'
compute_shot_zone_breakdown: player 201569 failed: __init__() got an unexpected keyword argument 'per_mode_overall'
compute_shot_zone_breakdown: player 203924 failed: __init__() got an unexpected keyword argument 'per_mode_overall'
compute_shot_zone_breakdown: player 1631260 failed: __init__() got an unexpected keyword argument 'per_mode_overall'
compute_shot_zone_breakdown: player 203110 failed: __init__() got an unexpected keyword argument 'per_mode_overall'
compute_shot_zone_breakdown: player 1630224 failed: __init__() got an unexpected keyword argument 'per_mode_overall'
compute_shot_zone_breakdown: player 1629750 failed: __init__() got an unexpected keyword argument 'per_mode_overall'
compute_shot_zone_breakdown: player 201145 failed: __init__() got an unexpected keyword argument 'per_mode_overall'
compute_shot_zone_breakdown: player 1630182 failed: __init__() got an unexpected keyword argument 'per_mode_overall'
compute_shot_zone_breakdown: player 1629656 failed: __init__() got an unexpected keyword argument 'per_mode_overall'
compute_shot_zone_breakdown: player 1631243 failed: __init__() got an unexpected keyword argument 'per_mode_overall'
compute_shot_zone_breakdown: player 1629060 failed: __init__() got an unexpected keyword argument 'per_mode_overall'
compute_shot_zone_breakdown: player 1630169 failed: __init__() got an unexpected keyword argument 'per_mode_overall'
compute_shot_zone_breakdown: player 1641790 failed: __init__() got an unexpected keyword argument 'per_mode_overall'
compute_shot_zone_breakdown: player 203501 failed: __init__() got an unexpected keyword argument 'per_mode_overall'
compute_shot_zone_breakdown: player 201935 failed: __init__() got an unexpected keyword argument 'per_mode_overall'
compute_shot_zone_breakdown: player 1630702 failed: __init__() got an unexpected keyword argument 'per_mode_overall'
compute_shot_zone_breakdown: player 1641989 failed: __init__() got an unexpected keyword argument 'per_mode_overall'
compute_shot_zone_breakdown: player 1642844 failed: __init__() got an unexpected keyword argument 'per_mode_overall'
compute_shot_zone_breakdown: player 1631199 failed: __init__() got an unexpected keyword argument 'per_mode_overall'
compute_shot_zone_breakdown: player 203914 failed: __init__() got an unexpected keyword argument 'per_mode_overall'
compute_shot_zone_breakdown: player 202699 failed: __init__() got an unexpected keyword argument 'per_mode_overall'
compute_shot_zone_breakdown: player 1628404 failed: __init__() got an unexpected keyword argument 'per_mode_overall'
compute_shot_zone_breakdown: player 1628392 failed: __init__() got an unexpected keyword argument 'per_mode_overall'
compute_shot_zone_breakdown: player 1630573 failed: __init__() got an unexpected keyword argument 'per_mode_overall'
compute_shot_zone_breakdown: player 1641722 failed: __init__() got an unexpected keyword argument 'per_mode_overall'
compute_shot_zone_breakdown: player 1629637 failed: __init__() got an unexpected keyword argument 'per_mode_overall'
compute_shot_zone_breakdown: player 1630165 failed: __init__() got an unexpected keyword argument 'per_mode_overall'
compute_shot_zone_breakdown: player 1628502 failed: __init__() got an unexpected keyword argument 'per_mode_overall'
compute_shot_zone_breakdown: player 1630703 failed: __init__() got an unexpected keyword argument 'per_mode_overall'
compute_shot_zone_breakdown: player 1641707 failed: __init__() got an unexpected keyword argument 'per_mode_overall'
compute_shot_zone_breakdown: player 1642935 failed: __init__() got an unexpected keyword argument 'per_mode_overall'
compute_shot_zone_breakdown: player 1629639 failed: __init__() got an unexpected keyword argument 'per_mode_overall'
compute_shot_zone_breakdown: player 1627741 failed: __init__() got an unexpected keyword argument 'per_mode_overall'
compute_shot_zone_breakdown: player 1629312 failed: __init__() got an unexpected keyword argument 'per_mode_overall'
compute_shot_zone_breakdown: player 1642396 failed: __init__() got an unexpected keyword argument 'per_mode_overall'
compute_shot_zone_breakdown: player 1628988 failed: __init__() got an unexpected keyword argument 'per_mode_overall'
compute_shot_zone_breakdown: player 201950 failed: __init__() got an unexpected keyword argument 'per_mode_overall'
compute_shot_zone_breakdown: player 1641842 failed: __init__() got an unexpected keyword argument 'per_mode_overall'
compute_shot_zone_breakdown: player 1641747 failed: __init__() got an unexpected keyword argument 'per_mode_overall'
compute_shot_zone_breakdown: player 1631096 failed: __init__() got an unexpected keyword argument 'per_mode_overall'
compute_shot_zone_breakdown: player 201143 failed: __init__() got an unexpected keyword argument 'per_mode_overall'
compute_shot_zone_breakdown: player 1631216 failed: __init__() got an unexpected keyword argument 'per_mode_overall'
compute_shot_zone_breakdown: player 1641724 failed: __init__() got an unexpected keyword argument 'per_mode_overall'
compute_shot_zone_breakdown: player 1628989 failed: __init__() got an unexpected keyword argument 'per_mode_overall'
compute_shot_zone_breakdown: player 1630643 failed: __init__() got an unexpected keyword argument 'per_mode_overall'
compute_shot_zone_breakdown: player 1630574 failed: __init__() got an unexpected keyword argument 'per_mode_overall'
compute_shot_zone_breakdown: player 1629631 failed: __init__() got an unexpected keyword argument 'per_mode_overall'
compute_shot_zone_breakdown: player 1643047 failed: __init__() got an unexpected keyword argument 'per_mode_overall'
compute_shot_zone_breakdown: player 1630538 failed: __init__() got an unexpected keyword argument 'per_mode_overall'
compute_shot_zone_breakdown: player 1642345 failed: __init__() got an unexpected keyword argument 'per_mode_overall'
compute_shot_zone_breakdown: player 204060 failed: __init__() got an unexpected keyword argument 'per_mode_overall'
compute_shot_zone_breakdown: player 1627742 failed: __init__() got an unexpected keyword argument 'per_mode_overall'
compute_shot_zone_breakdown: player 1631127 failed: __init__() got an unexpected keyword argument 'per_mode_overall'
compute_shot_zone_breakdown: player 202681 failed: __init__() got an unexpected keyword argument 'per_mode_overall'
compute_shot_zone_breakdown: player 1628371 failed: __init__() got an unexpected keyword argument 'per_mode_overall'
compute_shot_zone_breakdown: player 1631093 failed: __init__() got an unexpected keyword argument 'per_mode_overall'
compute_shot_zone_breakdown: player 1641713 failed: __init__() got an unexpected keyword argument 'per_mode_overall'
