=== Shot zones ===
compute_shot_zone_breakdown: player 1630173 failed: HTTPSConnectionPool(host='stats.nba.com', port=443): Read timed out. (read timeout=10)
compute_shot_zone_breakdown: player 203500 failed: HTTPSConnectionPool(host='stats.nba.com', port=443): Read timed out. (read timeout=10)
compute_shot_zone_breakdown: player 1628389 failed: HTTPSConnectionPool(host='stats.nba.com', port=443): Read timed out. (read timeout=10)
compute_shot_zone_breakdown: player 1630534 failed: HTTPSConnectionPool(host='stats.nba.com', port=443): Read timed out. (read timeout=10)
compute_shot_zone_breakdown: player 1630583 failed: HTTPSConnectionPool(host='stats.nba.com', port=443): Read timed out. (read timeout=10)
compute_shot_zone_breakdown: player 1641725 failed: HTTPSConnectionPool(host='stats.nba.com', port=443): Read timed out. (read timeout=10)
compute_shot_zone_breakdown: player 1629638 failed: Expecting value: line 1 column 1 (char 0)
compute_shot_zone_breakdown: player 1628960 failed: Expecting value: line 1 column 1 (char 0)
compute_shot_zone_breakdown: player 1628386 failed: Expecting value: line 1 column 1 (char 0)
compute_shot_zone_breakdown: player 1630631 failed: Expecting value: line 1 column 1 (char 0)
compute_shot_zone_breakdown: player 203937 failed: Expecting value: line 1 column 1 (char 0)
compute_shot_zone_breakdown: player 1630828 failed: Expecting value: line 1 column 1 (char 0)
compute_shot_zone_breakdown: player 203507 failed: Expecting value: line 1 column 1 (char 0)
compute_shot_zone_breakdown: player 203648 failed: Expecting value: line 1 column 1 (char 0)
compute_shot_zone_breakdown: player 1630175 failed: Expecting value: line 1 column 1 (char 0)
compute_shot_zone_breakdown: player 1628384 failed: Expecting value: line 1 column 1 (char 0)
compute_shot_zone_breakdown: player 1630166 failed: Expecting value: line 1 column 1 (char 0)
compute_shot_zone_breakdown: player 1629028 failed: Expecting value: line 1 column 1 (char 0)
compute_shot_zone_breakdown: player 1628963 failed: Expecting value: line 1 column 1 (char 0)
compute_shot_zone_breakdown: player 1642846 failed: Expecting value: line 1 column 1 (char 0)
compute_shot_zone_breakdown: player 1642380 failed: Expecting value: line 1 column 1 (char 0)
compute_shot_zone_breakdown: player 1631116 failed: Expecting value: line 1 column 1 (char 0)
compute_shot_zone_breakdown: player 1630163 failed: Expecting value: line 1 column 1 (char 0)
compute_shot_zone_breakdown: player 1628366 failed: Expecting value: line 1 column 1 (char 0)
compute_shot_zone_breakdown: player 1628964 failed: Expecting value: line 1 column 1 (char 0)
compute_shot_zone_breakdown: player 1631094 failed: Expecting value: line 1 column 1 (char 0)
compute_shot_zone_breakdown: player 1630217 failed: Expecting value: line 1 column 1 (char 0)
compute_shot_zone_breakdown: player 1630625 failed: Expecting value: line 1 column 1 (char 0)
compute_shot_zone_breakdown: player 1631230 failed: Expecting value: line 1 column 1 (char 0)
compute_shot_zone_breakdown: player 203084 failed: Expecting value: line 1 column 1 (char 0)
compute_shot_zone_breakdown: player 1630567 failed: Expecting value: line 1 column 1 (char 0)
compute_shot_zone_breakdown: player 1642964 failed: Expecting value: line 1 column 1 (char 0)
compute_shot_zone_breakdown: player 1629628 failed: Expecting value: line 1 column 1 (char 0)
compute_shot_zone_breakdown: player 1629646 failed: Expecting value: line 1 column 1 (char 0)
compute_shot_zone_breakdown: player 1642419 failed: Expecting value: line 1 column 1 (char 0)
compute_shot_zone_breakdown: player 201587 failed: Expecting value: line 1 column 1 (char 0)
compute_shot_zone_breakdown: player 203078 failed: Expecting value: line 1 column 1 (char 0)
compute_shot_zone_breakdown: player 1630699 failed: Expecting value: line 1 column 1 (char 0)
compute_shot_zone_breakdown: player 1642866 failed: Expecting value: line 1 column 1 (char 0)
compute_shot_zone_breakdown: player 1630180 failed: Expecting value: line 1 column 1 (char 0)
compute_shot_zone_breakdown: player 1629048 failed: Expecting value: line 1 column 1 (char 0)
compute_shot_zone_breakdown: player 202687 failed: Expecting value: line 1 column 1 (char 0)
compute_shot_zone_breakdown: player 1641710 failed: Expecting value: line 1 column 1 (char 0)
compute_shot_zone_breakdown: player 1641778 failed: Expecting value: line 1 column 1 (char 0)
compute_shot_zone_breakdown: player 1631205 failed: Expecting value: line 1 column 1 (char 0)
compute_shot_zone_breakdown: player 203992 failed: Expecting value: line 1 column 1 (char 0)
compute_shot_zone_breakdown: player 1641737 failed: Expecting value: line 1 column 1 (char 0)
compute_shot_zone_breakdown: player 1626164 failed: Expecting value: line 1 column 1 (char 0)
compute_shot_zone_breakdown: player 1628449 failed: Expecting value: line 1 column 1 (char 0)
compute_shot_zone_breakdown: player 1631123 failed: Expecting value: line 1 column 1 (char 0)
compute_shot_zone_breakdown: player 1628396 failed: Expecting value: line 1 column 1 (char 0)
compute_shot_zone_breakdown: player 1631103 failed: Expecting value: line 1 column 1 (char 0)
compute_shot_zone_breakdown: player 1631128 failed: Expecting value: line 1 column 1 (char 0)
compute_shot_zone_breakdown: player 1642886 failed: Expecting value: line 1 column 1 (char 0)
compute_shot_zone_breakdown: player 1628969 failed: Expecting value: line 1 column 1 (char 0)
compute_shot_zone_breakdown: player 1628970 failed: Expecting value: line 1 column 1 (char 0)
compute_shot_zone_breakdown: player 1628415 failed: Expecting value: line 1 column 1 (char 0)
compute_shot_zone_breakdown: player 1641780 failed: Expecting value: line 1 column 1 (char 0)
compute_shot_zone_breakdown: player 1628971 failed: Expecting value: line 1 column 1 (char 0)
compute_shot_zone_breakdown: player 1642468 failed: Expecting value: line 1 column 1 (char 0)
compute_shot_zone_breakdown: player 1627759 failed: Expecting value: line 1 column 1 (char 0)
compute_shot_zone_breakdown: player 1641738 failed: Expecting value: line 1 column 1 (char 0)
compute_shot_zone_breakdown: player 1628973 failed: Expecting value: line 1 column 1 (char 0)
compute_shot_zone_breakdown: player 1642868 failed: Expecting value: line 1 column 1 (char 0)
compute_shot_zone_breakdown: player 1628418 failed: Expecting value: line 1 column 1 (char 0)
compute_shot_zone_breakdown: player 1641723 failed: Expecting value: line 1 column 1 (char 0)
compute_shot_zone_breakdown: player 1631174 failed: Expecting value: line 1 column 1 (char 0)
compute_shot_zone_breakdown: player 202710 failed: Expecting value: line 1 column 1 (char 0)
compute_shot_zone_breakdown: player 1641824 failed: Expecting value: line 1 column 1 (char 0)
compute_shot_zone_breakdown: player 1631288 failed: Expecting value: line 1 column 1 (char 0)
compute_shot_zone_breakdown: player 203484 failed: Expecting value: line 1 column 1 (char 0)
compute_shot_zone_breakdown: player 1641739 failed: Expecting value: line 1 column 1 (char 0)
compute_shot_zone_breakdown: player 203991 failed: Expecting value: line 1 column 1 (char 0)
compute_shot_zone_breakdown: player 1642928 failed: Expecting value: line 1 column 1 (char 0)
compute_shot_zone_breakdown: player 1642382 failed: Expecting value: line 1 column 1 (char 0)
compute_shot_zone_breakdown: player 1642267 failed: Expecting value: line 1 column 1 (char 0)
compute_shot_zone_breakdown: player 1642269 failed: Expecting value: line 1 column 1 (char 0)
compute_shot_zone_breakdown: player 1628975 failed: Expecting value: line 1 column 1 (char 0)
compute_shot_zone_breakdown: player 1628976 failed: Expecting value: line 1 column 1 (char 0)
compute_shot_zone_breakdown: player 1627936 failed: Expecting value: line 1 column 1 (char 0)
compute_shot_zone_breakdown: player 1642264 failed: Expecting value: line 1 column 1 (char 0)
compute_shot_zone_breakdown: player 1630658 failed: Expecting value: line 1 column 1 (char 0)
compute_shot_zone_breakdown: player 1630577 failed: Expecting value: line 1 column 1 (char 0)
compute_shot_zone_breakdown: player 1630551 failed: Expecting value: line 1 column 1 (char 0)
compute_shot_zone_breakdown: player 1631113 failed: Expecting value: line 1 column 1 (char 0)
compute_shot_zone_breakdown: player 1642353 failed: Expecting value: line 1 column 1 (char 0)
compute_shot_zone_breakdown: player 1631108 failed: Expecting value: line 1 column 1 (char 0)
compute_shot_zone_breakdown: player 1630619 failed: Expecting value: line 1 column 1 (char 0)
compute_shot_zone_breakdown: player 1631321 failed: Expecting value: line 1 column 1 (char 0)
compute_shot_zone_breakdown: player 1641740 failed: Expecting value: line 1 column 1 (char 0)
compute_shot_zone_breakdown: player 1629634 failed: Expecting value: line 1 column 1 (char 0)
compute_shot_zone_breakdown: player 203903 failed: Expecting value: line 1 column 1 (char 0)
compute_shot_zone_breakdown: player 1629651 failed: Expecting value: line 1 column 1 (char 0)
compute_shot_zone_breakdown: player 1642383 failed: Expecting value: line 1 column 1 (char 0)
compute_shot_zone_breakdown: player 1642363 failed: Expecting value: line 1 column 1 (char 0)
compute_shot_zone_breakdown: player 1642270 failed: Expecting value: line 1 column 1 (char 0)
compute_shot_zone_breakdown: player 1641730 failed: Expecting value: line 1 column 1 (char 0)
compute_shot_zone_breakdown: player 1629599 failed: Expecting value: line 1 column 1 (char 0)
compute_shot_zone_breakdown: player 1642268 failed: Expecting value: line 1 column 1 (char 0)
compute_shot_zone_breakdown: player 1628381 failed: Expecting value: line 1 column 1 (char 0)
compute_shot_zone_breakdown: player 1628380 failed: Expecting value: line 1 column 1 (char 0)
compute_shot_zone_breakdown: player 201144 failed: Expecting value: line 1 column 1 (char 0)
compute_shot_zone_breakdown: player 1626192 failed: Expecting value: line 1 column 1 (char 0)
compute_shot_zone_breakdown: player 1631451 failed: Expecting value: line 1 column 1 (char 0)
compute_shot_zone_breakdown: player 1630536 failed: Expecting value: line 1 column 1 (char 0)
compute_shot_zone_breakdown: player 1641731 failed: Expecting value: line 1 column 1 (char 0)
compute_shot_zone_breakdown: player 1642907 failed: Expecting value: line 1 column 1 (char 0)
compute_shot_zone_breakdown: player 1642384 failed: Expecting value: line 1 column 1 (char 0)
compute_shot_zone_breakdown: player 1643018 failed: Expecting value: line 1 column 1 (char 0)
compute_shot_zone_breakdown: player 1630595 failed: Expecting value: line 1 column 1 (char 0)
compute_shot_zone_breakdown: player 203552 failed: Expecting value: line 1 column 1 (char 0)
compute_shot_zone_breakdown: player 201939 failed: Expecting value: line 1 column 1 (char 0)
compute_shot_zone_breakdown: player 1642359 failed: Expecting value: line 1 column 1 (char 0)
compute_shot_zone_breakdown: player 1630700 failed: Expecting value: line 1 column 1 (char 0)
compute_shot_zone_breakdown: player 1642368 failed: Expecting value: line 1 column 1 (char 0)
compute_shot_zone_breakdown: player 203076 failed: Expecting value: line 1 column 1 (char 0)
compute_shot_zone_breakdown: player 1631120 failed: Expecting value: line 1 column 1 (char 0)
compute_shot_zone_breakdown: player 201942 failed: Expecting value: line 1 column 1 (char 0)
compute_shot_zone_breakdown: player 1642484 failed: Expecting value: line 1 column 1 (char 0)
compute_shot_zone_breakdown: player 1628978 failed: Expecting value: line 1 column 1 (char 0)
compute_shot_zone_breakdown: player 1631217 failed: Expecting value: line 1 column 1 (char 0)
compute_shot_zone_breakdown: player 1642885 failed: Expecting value: line 1 column 1 (char 0)
compute_shot_zone_breakdown: player 1641711 failed: Expecting value: line 1 column 1 (char 0)
compute_shot_zone_breakdown: player 1630621 failed: Expecting value: line 1 column 1 (char 0)
compute_shot_zone_breakdown: player 1631172 failed: Expecting value: line 1 column 1 (char 0)
compute_shot_zone_breakdown: player 1642265 failed: Expecting value: line 1 column 1 (char 0)
compute_shot_zone_breakdown: player 1629029 failed: Expecting value: line 1 column 1 (char 0)
compute_shot_zone_breakdown: player 1629652 failed: HTTPSConnectionPool(host='stats.nba.com', port=443): Read timed out. (read timeout=10)
compute_shot_zone_breakdown: player 203083 failed: HTTPSConnectionPool(host='stats.nba.com', port=443): Read timed out. (read timeout=10)
compute_shot_zone_breakdown: player 1627739 failed: HTTPSConnectionPool(host='stats.nba.com', port=443): Read timed out. (read timeout=10)
compute_shot_zone_breakdown: player 1642348 failed: HTTPSConnectionPool(host='stats.nba.com', port=443): Read timed out. (read timeout=10)
compute_shot_zone_breakdown: player 1631165 failed: HTTPSConnectionPool(host='stats.nba.com', port=443): Read timed out. (read timeout=10)
compute_shot_zone_breakdown: player 203954 failed: HTTPSConnectionPool(host='stats.nba.com', port=443): Read timed out. (read timeout=10)
compute_shot_zone_breakdown: player 1642400 failed: HTTPSConnectionPool(host='stats.nba.com', port=443): Read timed out. (read timeout=10)
compute_shot_zone_breakdown: player 1642855 failed: HTTPSConnectionPool(host='stats.nba.com', port=443): Read timed out. (read timeout=10)
compute_shot_zone_breakdown: player 1630623 failed: HTTPSConnectionPool(host='stats.nba.com', port=443): Read timed out. (read timeout=10)
compute_shot_zone_breakdown: player 1629234 failed: Expecting value: line 1 column 1 (char 0)
compute_shot_zone_breakdown: player 1641787 failed: Expecting value: line 1 column 1 (char 0)
compute_shot_zone_breakdown: player 1642847 failed: Expecting value: line 1 column 1 (char 0)
compute_shot_zone_breakdown: player 1642271 failed: HTTPSConnectionPool(host='stats.nba.com', port=443): Read timed out. (read timeout=10)
compute_shot_zone_breakdown: player 1627827 failed: Expecting value: line 1 column 1 (char 0)
compute_shot_zone_breakdown: player 1642843 failed: HTTPSConnectionPool(host='stats.nba.com', port=443): Read timed out. (read timeout=10)
compute_shot_zone_breakdown: player 1642280 failed: Expecting value: line 1 column 1 (char 0)
compute_shot_zone_breakdown: player 1631323 failed: Expecting value: line 1 column 1 (char 0)
compute_shot_zone_breakdown: player 1642402 failed: Expecting value: line 1 column 1 (char 0)
compute_shot_zone_breakdown: player 1628365 failed: Expecting value: line 1 column 1 (char 0)
compute_shot_zone_breakdown: player 1642277 failed: Expecting value: line 1 column 1 (char 0)
compute_shot_zone_breakdown: player 1629655 failed: Expecting value: line 1 column 1 (char 0)
compute_shot_zone_breakdown: player 1629636 failed: HTTPSConnectionPool(host='stats.nba.com', port=443): Read timed out. (read timeout=10)
compute_shot_zone_breakdown: player 1630568 failed: HTTPSConnectionPool(host='stats.nba.com', port=443): Read timed out. (read timeout=10)
compute_shot_zone_breakdown: player 1642933 failed: HTTPSConnectionPool(host='stats.nba.com', port=443): Read timed out. (read timeout=10)
compute_shot_zone_breakdown: player 1628983 failed: HTTPSConnectionPool(host='stats.nba.com', port=443): Read timed out. (read timeout=10)
compute_shot_zone_breakdown: player 1630264 failed: HTTPSConnectionPool(host='stats.nba.com', port=443): Read timed out. (read timeout=10)
compute_shot_zone_breakdown: player 203932 failed: HTTPSConnectionPool(host='stats.nba.com', port=443): Read timed out. (read timeout=10)
compute_shot_zone_breakdown: player 201569 failed: HTTPSConnectionPool(host='stats.nba.com', port=443): Read timed out. (read timeout=10)
compute_shot_zone_breakdown: player 203924 failed: HTTPSConnectionPool(host='stats.nba.com', port=443): Read timed out. (read timeout=10)
compute_shot_zone_breakdown: player 1631260 failed: HTTPSConnectionPool(host='stats.nba.com', port=443): Read timed out. (read timeout=10)
compute_shot_zone_breakdown: player 203110 failed: HTTPSConnectionPool(host='stats.nba.com', port=443): Read timed out. (read timeout=10)
compute_shot_zone_breakdown: player 1630224 failed: HTTPSConnectionPool(host='stats.nba.com', port=443): Read timed out. (read timeout=10)
compute_shot_zone_breakdown: player 1629750 failed: HTTPSConnectionPool(host='stats.nba.com', port=443): Read timed out. (read timeout=10)
compute_shot_zone_breakdown: player 201145 failed: Expecting value: line 1 column 1 (char 0)
compute_shot_zone_breakdown: player 1630182 failed: HTTPSConnectionPool(host='stats.nba.com', port=443): Read timed out. (read timeout=10)
compute_shot_zone_breakdown: player 1629656 failed: HTTPSConnectionPool(host='stats.nba.com', port=443): Read timed out. (read timeout=10)
compute_shot_zone_breakdown: player 1631338 failed: Expecting value: line 1 column 1 (char 0)
compute_shot_zone_breakdown: player 1631243 failed: Expecting value: line 1 column 1 (char 0)
compute_shot_zone_breakdown: player 1629060 failed: Expecting value: line 1 column 1 (char 0)
compute_shot_zone_breakdown: player 1630169 failed: Expecting value: line 1 column 1 (char 0)
compute_shot_zone_breakdown: player 1641790 failed: Expecting value: line 1 column 1 (char 0)
compute_shot_zone_breakdown: player 203501 failed: Expecting value: line 1 column 1 (char 0)
compute_shot_zone_breakdown: player 201935 failed: Expecting value: line 1 column 1 (char 0)
compute_shot_zone_breakdown: player 1630702 failed: Expecting value: line 1 column 1 (char 0)
compute_shot_zone_breakdown: player 1641989 failed: Expecting value: line 1 column 1 (char 0)
compute_shot_zone_breakdown: player 1642844 failed: Expecting value: line 1 column 1 (char 0)
compute_shot_zone_breakdown: player 1631199 failed: Expecting value: line 1 column 1 (char 0)
compute_shot_zone_breakdown: player 203914 failed: Expecting value: line 1 column 1 (char 0)
compute_shot_zone_breakdown: player 202699 failed: Expecting value: line 1 column 1 (char 0)
compute_shot_zone_breakdown: player 1628404 failed: Expecting value: line 1 column 1 (char 0)
compute_shot_zone_breakdown: player 1628392 failed: Expecting value: line 1 column 1 (char 0)
compute_shot_zone_breakdown: player 1630573 failed: Expecting value: line 1 column 1 (char 0)
compute_shot_zone_breakdown: player 1641722 failed: Expecting value: line 1 column 1 (char 0)
compute_shot_zone_breakdown: player 1629637 failed: Expecting value: line 1 column 1 (char 0)
compute_shot_zone_breakdown: player 1630165 failed: Expecting value: line 1 column 1 (char 0)
compute_shot_zone_breakdown: player 1628502 failed: Expecting value: line 1 column 1 (char 0)
compute_shot_zone_breakdown: player 1630703 failed: Expecting value: line 1 column 1 (char 0)
compute_shot_zone_breakdown: player 1641707 failed: Expecting value: line 1 column 1 (char 0)
compute_shot_zone_breakdown: player 1642935 failed: Expecting value: line 1 column 1 (char 0)
compute_shot_zone_breakdown: player 1629639 failed: Expecting value: line 1 column 1 (char 0)
compute_shot_zone_breakdown: player 1629312 failed: Expecting value: line 1 column 1 (char 0)
compute_shot_zone_breakdown: player 1642396 failed: Expecting value: line 1 column 1 (char 0)
compute_shot_zone_breakdown: player 1628988 failed: Expecting value: line 1 column 1 (char 0)
compute_shot_zone_breakdown: player 201950 failed: Expecting value: line 1 column 1 (char 0)
compute_shot_zone_breakdown: player 1641842 failed: Expecting value: line 1 column 1 (char 0)
compute_shot_zone_breakdown: player 1641747 failed: Expecting value: line 1 column 1 (char 0)
compute_shot_zone_breakdown: player 1631096 failed: Expecting value: line 1 column 1 (char 0)
compute_shot_zone_breakdown: player 201143 failed: Expecting value: line 1 column 1 (char 0)
compute_shot_zone_breakdown: player 1631216 failed: Expecting value: line 1 column 1 (char 0)
compute_shot_zone_breakdown: player 1641724 failed: Expecting value: line 1 column 1 (char 0)
compute_shot_zone_breakdown: player 1628989 failed: Expecting value: line 1 column 1 (char 0)
compute_shot_zone_breakdown: player 1630643 failed: Expecting value: line 1 column 1 (char 0)
compute_shot_zone_breakdown: player 1630574 failed: Expecting value: line 1 column 1 (char 0)
compute_shot_zone_breakdown: player 1629631 failed: Expecting value: line 1 column 1 (char 0)
compute_shot_zone_breakdown: player 1643047 failed: Expecting value: line 1 column 1 (char 0)
compute_shot_zone_breakdown: player 1630538 failed: Expecting value: line 1 column 1 (char 0)
compute_shot_zone_breakdown: player 1642345 failed: Expecting value: line 1 column 1 (char 0)
compute_shot_zone_breakdown: player 204060 failed: Expecting value: line 1 column 1 (char 0)
compute_shot_zone_breakdown: player 1627742 failed: Expecting value: line 1 column 1 (char 0)
compute_shot_zone_breakdown: player 1631127 failed: Expecting value: line 1 column 1 (char 0)
compute_shot_zone_breakdown: player 1628371 failed: Expecting value: line 1 column 1 (char 0)
compute_shot_zone_breakdown: player 1631093 failed: Expecting value: line 1 column 1 (char 0)
compute_shot_zone_breakdown: player 1641713 failed: Expecting value: line 1 column 1 (char 0)
compute_shot_zone_breakdown: player 1630543 failed: Expecting value: line 1 column 1 (char 0)
compute_shot_zone_breakdown: player 1631245 failed: Expecting value: line 1 column 1 (char 0)
compute_shot_zone_breakdown: player 1641748 failed: Expecting value: line 1 column 1 (char 0)
compute_shot_zone_breakdown: player 1628991 failed: Expecting value: line 1 column 1 (char 0)
compute_shot_zone_breakdown: player 1631218 failed: Expecting value: line 1 column 1 (char 0)
compute_shot_zone_breakdown: player 1642857 failed: Expecting value: line 1 column 1 (char 0)
compute_shot_zone_breakdown: player 1642355 failed: Expecting value: line 1 column 1 (char 0)
compute_shot_zone_breakdown: player 2544 failed: Expecting value: line 1 column 1 (char 0)
compute_shot_zone_breakdown: player 1642883 failed: Expecting value: line 1 column 1 (char 0)
compute_shot_zone_breakdown: player 1631170 failed: Expecting value: line 1 column 1 (char 0)
compute_shot_zone_breakdown: player 1630610 failed: Expecting value: line 1 column 1 (char 0)
compute_shot_zone_breakdown: player 1629610 failed: Expecting value: line 1 column 1 (char 0)
compute_shot_zone_breakdown: player 1641998 failed: Expecting value: line 1 column 1 (char 0)
compute_shot_zone_breakdown: player 1642450 failed: Expecting value: line 1 column 1 (char 0)
compute_shot_zone_breakdown: player 1629660 failed: Expecting value: line 1 column 1 (char 0)
compute_shot_zone_breakdown: player 1630198 failed: Expecting value: line 1 column 1 (char 0)
compute_shot_zone_breakdown: player 1642358 failed: Expecting value: line 1 column 1 (char 0)
compute_shot_zone_breakdown: player 1629661 failed: Expecting value: line 1 column 1 (char 0)
compute_shot_zone_breakdown: player 1643052 failed: Expecting value: line 1 column 1 (char 0)
compute_shot_zone_breakdown: player 1630552 failed: Expecting value: line 1 column 1 (char 0)
compute_shot_zone_breakdown: player 1629640 failed: Expecting value: line 1 column 1 (char 0)
compute_shot_zone_breakdown: player 1642352 failed: Expecting value: line 1 column 1 (char 0)
compute_shot_zone_breakdown: player 1642848 failed: Expecting value: line 1 column 1 (char 0)
compute_shot_zone_breakdown: player 203999 failed: Expecting value: line 1 column 1 (char 0)
compute_shot_zone_breakdown: player 1641732 failed: Expecting value: line 1 column 1 (char 0)
compute_shot_zone_breakdown: player 1642938 failed: Expecting value: line 1 column 1 (char 0)
compute_shot_zone_breakdown: player 1641794 failed: Expecting value: line 1 column 1 (char 0)
compute_shot_zone_breakdown: player 1630529 failed: Expecting value: line 1 column 1 (char 0)
compute_shot_zone_breakdown: player 1642403 failed: Expecting value: line 1 column 1 (char 0)
compute_shot_zone_breakdown: player 1642880 failed: Expecting value: line 1 column 1 (char 0)
compute_shot_zone_breakdown: player 1642461 failed: Expecting value: line 1 column 1 (char 0)
compute_shot_zone_breakdown: player 1630200 failed: Expecting value: line 1 column 1 (char 0)
compute_shot_zone_breakdown: player 1626145 failed: Expecting value: line 1 column 1 (char 0)
compute_shot_zone_breakdown: player 1642357 failed: Expecting value: line 1 column 1 (char 0)
compute_shot_zone_breakdown: player 1627884 failed: Expecting value: line 1 column 1 (char 0)
compute_shot_zone_breakdown: player 201599 failed: Expecting value: line 1 column 1 (char 0)
compute_shot_zone_breakdown: player 1631107 failed: Expecting value: line 1 column 1 (char 0)
compute_shot_zone_breakdown: player 1630548 failed: Expecting value: line 1 column 1 (char 0)
compute_shot_zone_breakdown: player 1641750 failed: Expecting value: line 1 column 1 (char 0)
compute_shot_zone_breakdown: player 1642530 failed: Expecting value: line 1 column 1 (char 0)
compute_shot_zone_breakdown: player 1631211 failed: Expecting value: line 1 column 1 (char 0)
compute_shot_zone_breakdown: player 1642939 failed: Expecting value: line 1 column 1 (char 0)
compute_shot_zone_breakdown: player 1628379 failed: Expecting value: line 1 column 1 (char 0)
compute_shot_zone_breakdown: player 1643257 failed: Expecting value: line 1 column 1 (char 0)
compute_shot_zone_breakdown: player 1631117 failed: Expecting value: line 1 column 1 (char 0)
compute_shot_zone_breakdown: player 1630557 failed: Expecting value: line 1 column 1 (char 0)
compute_shot_zone_breakdown: player 1628467 failed: Expecting value: line 1 column 1 (char 0)
compute_shot_zone_breakdown: player 1641752 failed: Expecting value: line 1 column 1 (char 0)
compute_shot_zone_breakdown: player 1642261 failed: Expecting value: line 1 column 1 (char 0)
compute_shot_zone_breakdown: player 1642851 failed: Expecting value: line 1 column 1 (char 0)
compute_shot_zone_breakdown: player 1642278 failed: Expecting value: line 1 column 1 (char 0)
compute_shot_zone_breakdown: player 1631132 failed: Expecting value: line 1 column 1 (char 0)
compute_shot_zone_breakdown: player 1629723 failed: Expecting value: line 1 column 1 (char 0)
compute_shot_zone_breakdown: player 1628436 failed: Expecting value: line 1 column 1 (char 0)
compute_shot_zone_breakdown: player 1630249 failed: Expecting value: line 1 column 1 (char 0)
compute_shot_zone_breakdown: player 1630228 failed: Expecting value: line 1 column 1 (char 0)
compute_shot_zone_breakdown: player 1628398 failed: Expecting value: line 1 column 1 (char 0)
compute_shot_zone_breakdown: player 1631222 failed: Expecting value: line 1 column 1 (char 0)
compute_shot_zone_breakdown: player 203897 failed: Expecting value: line 1 column 1 (char 0)
compute_shot_zone_breakdown: player 1627746 failed: Expecting value: line 1 column 1 (char 0)
compute_shot_zone_breakdown: player 1629111 failed: Expecting value: line 1 column 1 (char 0)
compute_shot_zone_breakdown: player 1642404 failed: Expecting value: line 1 column 1 (char 0)
compute_shot_zone_breakdown: player 1641796 failed: Expecting value: line 1 column 1 (char 0)
compute_shot_zone_breakdown: player 1630639 failed: Expecting value: line 1 column 1 (char 0)
compute_shot_zone_breakdown: player 1627747 failed: Expecting value: line 1 column 1 (char 0)
compute_shot_zone_breakdown: player 202695 failed: Expecting value: line 1 column 1 (char 0)
compute_shot_zone_breakdown: player 1642502 failed: Expecting value: line 1 column 1 (char 0)
compute_shot_zone_breakdown: player 1630604 failed: Expecting value: line 1 column 1 (char 0)
compute_shot_zone_breakdown: player 203081 failed: Expecting value: line 1 column 1 (char 0)
compute_shot_zone_breakdown: player 1641726 failed: Expecting value: line 1 column 1 (char 0)
compute_shot_zone_breakdown: player 1630587 failed: Expecting value: line 1 column 1 (char 0)
compute_shot_zone_breakdown: player 1641753 failed: Expecting value: line 1 column 1 (char 0)
compute_shot_zone_breakdown: player 1626172 failed: Expecting value: line 1 column 1 (char 0)
compute_shot_zone_breakdown: player 201572 failed: HTTPSConnectionPool(host='stats.nba.com', port=443): Read timed out. (read timeout=10)
compute_shot_zone_breakdown: player 1631126 failed: HTTPSConnectionPool(host='stats.nba.com', port=443): Read timed out. (read timeout=10)
compute_shot_zone_breakdown: player 201567 failed: Expecting value: line 1 column 1 (char 0)
compute_shot_zone_breakdown: player 1643133 failed: HTTPSConnectionPool(host='stats.nba.com', port=443): Read timed out. (read timeout=10)
compute_shot_zone_breakdown: player 200768 failed: HTTPSConnectionPool(host='stats.nba.com', port=443): Read timed out. (read timeout=10)
compute_shot_zone_breakdown: player 1642863 failed: HTTPSConnectionPool(host='stats.nba.com', port=443): Read timed out. (read timeout=10)
compute_shot_zone_breakdown: player 1630572 failed: Expecting value: line 1 column 1 (char 0)
compute_shot_zone_breakdown: player 1629611 failed: HTTPSConnectionPool(host='stats.nba.com', port=443): Read timed out. (read timeout=10)
compute_shot_zone_breakdown: player 1630544 failed: HTTPSConnectionPool(host='stats.nba.com', port=443): Read timed out. (read timeout=10)
compute_shot_zone_breakdown: player 1628374 failed: HTTPSConnectionPool(host='stats.nba.com', port=443): Read timed out. (read timeout=10)
compute_shot_zone_breakdown: player 1630230 failed: HTTPSConnectionPool(host='stats.nba.com', port=443): Read timed out. (read timeout=10)
compute_shot_zone_breakdown: player 1642918 failed: HTTPSConnectionPool(host='stats.nba.com', port=443): Read timed out. (read timeout=10)
compute_shot_zone_breakdown: player 1628997 failed: HTTPSConnectionPool(host='stats.nba.com', port=443): Read timed out. (read timeout=10)
compute_shot_zone_breakdown: player 204456 failed: HTTPSConnectionPool(host='stats.nba.com', port=443): Read timed out. (read timeout=10)
compute_shot_zone_breakdown: player 1629162 failed: HTTPSConnectionPool(host='stats.nba.com', port=443): Read timed out. (read timeout=10)
compute_shot_zone_breakdown: player 1642274 failed: HTTPSConnectionPool(host='stats.nba.com', port=443): Read timed out. (read timeout=10)
compute_shot_zone_breakdown: player 1630596 failed: HTTPSConnectionPool(host='stats.nba.com', port=443): Read timed out. (read timeout=10)
compute_shot_zone_breakdown: player 1642367 failed: HTTPSConnectionPool(host='stats.nba.com', port=443): Read timed out. (read timeout=10)
compute_shot_zone_breakdown: player 1631457 failed: HTTPSConnectionPool(host='stats.nba.com', port=443): Read timed out. (read timeout=10)
compute_shot_zone_breakdown: player 1629630 failed: HTTPSConnectionPool(host='stats.nba.com', port=443): Read timed out. (read timeout=10)
compute_shot_zone_breakdown: player 1628420 failed: HTTPSConnectionPool(host='stats.nba.com', port=443): Read timed out. (read timeout=10)
compute_shot_zone_breakdown: player 1630530 failed: HTTPSConnectionPool(host='stats.nba.com', port=443): Read timed out. (read timeout=10)
compute_shot_zone_breakdown: player 1631250 failed: HTTPSConnectionPool(host='stats.nba.com', port=443): Read timed out. (read timeout=10)
compute_shot_zone_breakdown: player 1626204 failed: HTTPSConnectionPool(host='stats.nba.com', port=443): Read timed out. (read timeout=10)
compute_shot_zone_breakdown: player 1629614 failed: HTTPSConnectionPool(host='stats.nba.com', port=443): Read timed out. (read timeout=10)
compute_shot_zone_breakdown: player 1642490 failed: HTTPSConnectionPool(host='stats.nba.com', port=443): Read timed out. (read timeout=10)
compute_shot_zone_breakdown: player 1630171 failed: HTTPSConnectionPool(host='stats.nba.com', port=443): Read timed out. (read timeout=10)
compute_shot_zone_breakdown: player 1642950 failed: HTTPSConnectionPool(host='stats.nba.com', port=443): Read timed out. (read timeout=10)
compute_shot_zone_breakdown: player 1641807 failed: HTTPSConnectionPool(host='stats.nba.com', port=443): Read timed out. (read timeout=10)
compute_shot_zone_breakdown: player 1642877 failed: HTTPSConnectionPool(host='stats.nba.com', port=443): Read timed out. (read timeout=10)
compute_shot_zone_breakdown: player 1642869 failed: HTTPSConnectionPool(host='stats.nba.com', port=443): Read timed out. (read timeout=10)
compute_shot_zone_breakdown: player 1641809 failed: HTTPSConnectionPool(host='stats.nba.com', port=443): Read timed out. (read timeout=10)
Got 66 rows
Saved shot zones
=== Quarter splits ===
compute_quarter_splits: player 1630534 failed: HTTPSConnectionPool(host='stats.nba.com', port=443): Read timed out. (read timeout=20)
compute_quarter_splits: player 1642964 failed: HTTPSConnectionPool(host='stats.nba.com', port=443): Read timed out. (read timeout=20)
compute_quarter_splits: player 1642886 failed: HTTPSConnectionPool(host='stats.nba.com', port=443): Read timed out. (read timeout=20)
compute_quarter_splits: player 1642269 failed: HTTPSConnectionPool(host='stats.nba.com', port=443): Read timed out. (read timeout=20)
compute_quarter_splits: player 1628976 failed: HTTPSConnectionPool(host='stats.nba.com', port=443): Read timed out. (read timeout=20)
compute_quarter_splits: player 1630595 failed: HTTPSConnectionPool(host='stats.nba.com', port=443): Read timed out. (read timeout=20)
compute_quarter_splits: player 203552 failed: HTTPSConnectionPool(host='stats.nba.com', port=443): Read timed out. (read timeout=20)
compute_quarter_splits: player 1642484 failed: HTTPSConnectionPool(host='stats.nba.com', port=443): Read timed out. (read timeout=20)
compute_quarter_splits: player 1631217 failed: HTTPSConnectionPool(host='stats.nba.com', port=443): Read timed out. (read timeout=20)
compute_quarter_splits: player 1630162 failed: HTTPSConnectionPool(host='stats.nba.com', port=443): Read timed out. (read timeout=20)
compute_quarter_splits: player 1642348 failed: HTTPSConnectionPool(host='stats.nba.com', port=443): Read timed out. (read timeout=20)
compute_quarter_splits: player 1631323 failed: HTTPSConnectionPool(host='stats.nba.com', port=443): Read timed out. (read timeout=20)
compute_quarter_splits: player 203932 failed: HTTPSConnectionPool(host='stats.nba.com', port=443): Read timed out. (read timeout=20)
compute_quarter_splits: player 1630224 failed: HTTPSConnectionPool(host='stats.nba.com', port=443): Read timed out. (read timeout=20)
compute_quarter_splits: player 201145 failed: HTTPSConnectionPool(host='stats.nba.com', port=443): Read timed out. (read timeout=20)
compute_quarter_splits: player 1631338 failed: HTTPSConnectionPool(host='stats.nba.com', port=443): Read timed out. (read timeout=20)
compute_quarter_splits: player 1641707 failed: HTTPSConnectionPool(host='stats.nba.com', port=443): Read timed out. (read timeout=20)
compute_quarter_splits: player 1642935 failed: HTTPSConnectionPool(host='stats.nba.com', port=443): Read timed out. (read timeout=20)
compute_quarter_splits: player 1629639 failed: HTTPSConnectionPool(host='stats.nba.com', port=443): Read timed out. (read timeout=20)
compute_quarter_splits: player 1629312 failed: HTTPSConnectionPool(host='stats.nba.com', port=443): Read timed out. (read timeout=20)
compute_quarter_splits: player 1642396 failed: Expecting value: line 1 column 1 (char 0)
compute_quarter_splits: player 1631093 failed: HTTPSConnectionPool(host='stats.nba.com', port=443): Read timed out. (read timeout=20)
compute_quarter_splits: player 1628991 failed: HTTPSConnectionPool(host='stats.nba.com', port=443): Read timed out. (read timeout=20)
compute_quarter_splits: player 1642938 failed: HTTPSConnectionPool(host='stats.nba.com', port=443): Read timed out. (read timeout=20)
compute_quarter_splits: player 1642880 failed: HTTPSConnectionPool(host='stats.nba.com', port=443): Read timed out. (read timeout=20)
compute_quarter_splits: player 1631222 failed: HTTPSConnectionPool(host='stats.nba.com', port=443): Read timed out. (read timeout=20)
compute_quarter_splits: player 1629162 failed: HTTPSConnectionPool(host='stats.nba.com', port=443): Read timed out. (read timeout=20)
compute_quarter_splits: player 1629001 failed: HTTPSConnectionPool(host='stats.nba.com', port=443): Read timed out. (read timeout=20)
compute_quarter_splits: player 1642948 failed: HTTPSConnectionPool(host='stats.nba.com', port=443): Read timed out. (read timeout=20)
compute_quarter_splits: player 1641807 failed: HTTPSConnectionPool(host='stats.nba.com', port=443): Read timed out. (read timeout=20)
Got 298 rows
Saved quarter splits
