/Library/Frameworks/Python.framework/Versions/3.12/lib/python3.12/pickle.py:1753: UserWarning: [03:06:55] WARNING: /Users/runner/work/xgboost/xgboost/src/gbm/../common/error_msg.h:83: If you are loading a serialized model (like pickle in Python, RDS in R) or
configuration generated by an older version of XGBoost, please export the model by calling
`Booster.save_model` from that version first, then load it back in current version. See:

    https://xgboost.readthedocs.io/en/stable/tutorials/saving_model.html

for more details about differences between saving model and serializing.

  setstate(state)
/Users/rithv/Library/Python/3.12/lib/python/site-packages/sklearn/base.py:463: InconsistentVersionWarning: Trying to unpickle estimator IsotonicRegression from version 1.6.1 when using version 1.8.0. This might lead to breaking code or invalid results. Use at your own risk. For more info please refer to:
https://scikit-learn.org/stable/model_persistence.html#security-maintainability-limitations
  warnings.warn(
skipping incomplete per-prop bundle for 'triple_double': missing reg file
skipping incomplete per-prop bundle for 'double_double': missing reg file
[train] building examples seasons=['2022-23', '2023-24', '2024-25', '2025-26'] max_players=300 ...
[train] season 2022-23: building examples...
[train] precomputed data loaded: {'advanced': 579, 'clutch': 487, 'hustle': 576, 'shot_prof': 570, 'play_types': 427, 'on_off': 579, 'shot_zones': 397, 'q_splits': 388, 'tracking': 579, 'scoring': 579, 'yoy': 400, 'team_stats': 30, 'team_foul': 30, 'rest_splits': 30, 'standings': 30, 'opp_shot_zones': 30, 'opp_synergy': 30, 'vs_opponent': 8653, 'dvp_rolling': 60, 'referee': 222}
[train] players processed: 10/300
[train] players processed: 20/300
[train] players processed: 30/300
[train] players processed: 40/300
[train] players processed: 50/300
[train] players processed: 60/300
[train] players processed: 70/300
[train] players processed: 80/300
[train] players processed: 90/300
[train] players processed: 100/300
[train] players processed: 110/300
[train] players processed: 120/300
[train] players processed: 130/300
[train] players processed: 140/300
[train] players processed: 150/300
[train] players processed: 160/300
[train] players processed: 170/300
[train] players processed: 180/300
[train] players processed: 190/300
[train] players processed: 200/300
[train] players processed: 210/300
