/Users/rithv/Library/Python/3.9/lib/python/site-packages/urllib3/__init__.py:35: NotOpenSSLWarning: urllib3 v2 only supports OpenSSL 1.1.1+, currently the 'ssl' module is compiled with 'LibreSSL 2.8.3'. See: https://github.com/urllib3/urllib3/issues/3020
  warnings.warn(
skipping incomplete per-prop bundle for 'blocks': missing reg or scaler file
skipping incomplete per-prop bundle for 'assists': missing reg or scaler file
skipping incomplete per-prop bundle for 'stl_blk': missing reg or scaler file
skipping incomplete per-prop bundle for 'steals': missing reg or scaler file
skipping incomplete per-prop bundle for 'points': missing reg or scaler file
skipping incomplete per-prop bundle for 'triple_double': missing reg or scaler file
skipping incomplete per-prop bundle for 'pts_reb': missing reg or scaler file
skipping incomplete per-prop bundle for 'double_double': missing reg or scaler file
skipping incomplete per-prop bundle for 'rebounds': missing reg or scaler file
skipping incomplete per-prop bundle for 'pts_ast': missing reg or scaler file
skipping incomplete per-prop bundle for 'ast_reb': missing reg or scaler file
skipping incomplete per-prop bundle for 'three_pointers': missing reg or scaler file
skipping incomplete per-prop bundle for 'turnovers': missing reg or scaler file
skipping incomplete per-prop bundle for 'pts_ast_reb': missing reg or scaler file
[train] building examples seasons=['2022-23', '2023-24', '2024-25', '2025-26'] max_players=300 ...
[train] season 2022-23: building examples...
[train] players processed: 10/300
[train] players processed: 20/300
[train] players processed: 30/300
[train] players processed: 40/300
[train] players processed: 50/300
[train] players processed: 60/300
[train] players processed: 70/300
[train] players processed: 80/300
[train] players processed: 90/300
[train] players processed: 100/300
[train] players processed: 110/300
[train] players processed: 120/300
[train] players processed: 130/300
[train] players processed: 140/300
[train] players processed: 150/300
[train] players processed: 160/300
[train] players processed: 170/300
[train] players processed: 180/300
[train] players processed: 190/300
[train] players processed: 200/300
[train] players processed: 210/300
[train] players processed: 220/300
[train] players processed: 230/300
[train] players processed: 240/300
[train] players processed: 250/300
[train] Skipping player 1627732 after 3 failed attempts
[train] Skipping player 201145 after 3 failed attempts
[train] Skipping player 1629634 after 3 failed attempts
[train] Skipping player 1630538 after 3 failed attempts
[train] Skipping player 1629052 after 3 failed attempts
[train] Skipping player 1628418 after 3 failed attempts
[train] Skipping player 1630167 after 3 failed attempts
[train] Skipping player 204060 after 3 failed attempts
[train] Skipping player 1630543 after 3 failed attempts
[train] players processed: 260/300
[train] Skipping player 1630700 after 3 failed attempts
[train] Skipping player 1630552 after 3 failed attempts
[train] Skipping player 1629117 after 3 failed attempts
[train] Skipping player 203085 after 3 failed attempts
[train] Skipping player 1628977 after 3 failed attempts
[train] Skipping player 203115 after 3 failed attempts
[train] Skipping player 1628963 after 3 failed attempts
[train] Skipping player 1629629 after 3 failed attempts
[train] Skipping player 1629111 after 3 failed attempts
[train] Skipping player 1629642 after 3 failed attempts
[train] players processed: 270/300
[train] Skipping player 1630586 after 3 failed attempts
[train] Skipping player 1629312 after 3 failed attempts
[train] Skipping player 1630550 after 3 failed attempts
[train] Skipping player 1626166 after 3 failed attempts
[train] Skipping player 1629134 after 3 failed attempts
[train] Skipping player 1626157 after 3 failed attempts
[train] Skipping player 1629627 after 3 failed attempts
[train] Skipping player 1628995 after 3 failed attempts
[train] Skipping player 1630560 after 3 failed attempts
[train] Skipping player 203488 after 3 failed attempts
[train] players processed: 280/300
[train] Skipping player 1628467 after 3 failed attempts
[train] players processed: 290/300
[train] players processed: 300/300
[train] season 2023-24: building examples...
[train] players processed: 10/300
[train] players processed: 20/300
[train] players processed: 30/300
[train] players processed: 40/300
[train] Skipping player 201572 after 3 failed attempts
[train] Skipping player 203484 after 3 failed attempts
[train] Skipping player 203992 after 3 failed attempts
[train] Skipping player 1641706 after 3 failed attempts
[train] Skipping player 1628401 after 3 failed attempts
[train] Skipping player 203084 after 3 failed attempts
[train] Skipping player 202699 after 3 failed attempts
[train] Skipping player 1628978 after 3 failed attempts
[train] Skipping player 1629673 after 3 failed attempts
[train] players processed: 50/300
[train] Skipping player 1627759 after 3 failed attempts
[train] Skipping player 1630532 after 3 failed attempts
[train] Skipping player 1627736 after 3 failed attempts
[train] Skipping player 202695 after 3 failed attempts
[train] Skipping player 1630529 after 3 failed attempts
[train] Skipping player 203932 after 3 failed attempts
[train] Skipping player 202691 after 3 failed attempts
[train] Skipping player 1628398 after 3 failed attempts
[train] Skipping player 201950 after 3 failed attempts
[train] Skipping player 1630166 after 3 failed attempts
[train] players processed: 60/300
[train] Skipping player 1630170 after 3 failed attempts
[train] Skipping player 1629652 after 3 failed attempts
[train] Skipping player 1629622 after 3 failed attempts
[train] Skipping player 1628415 after 3 failed attempts
[train] Skipping player 1631114 after 3 failed attempts
[train] Skipping player 1630169 after 3 failed attempts
[train] Skipping player 1629023 after 3 failed attempts
[train] Skipping player 1631093 after 3 failed attempts
[train] Skipping player 1630245 after 3 failed attempts
[train] Skipping player 1629627 after 3 failed attempts
[train] players processed: 70/300
[train] Skipping player 201144 after 3 failed attempts
[train] Skipping player 1631110 after 3 failed attempts
[train] Skipping player 1627741 after 3 failed attempts
[train] Skipping player 203468 after 3 failed attempts
[train] Skipping player 203915 after 3 failed attempts
[train] players processed: 80/300
[train] players processed: 90/300
[train] players processed: 100/300
[train] players processed: 110/300
[train] players processed: 120/300
[train] players processed: 130/300
[train] players processed: 140/300
[train] players processed: 150/300
[train] players processed: 160/300
[train] players processed: 170/300
[train] players processed: 180/300
[train] players processed: 190/300
[train] players processed: 200/300
[train] players processed: 210/300
[train] players processed: 220/300
[train] players processed: 230/300
[train] players processed: 240/300
[train] players processed: 250/300
[train] players processed: 260/300
[train] players processed: 270/300
[train] players processed: 280/300
[train] players processed: 290/300
[train] players processed: 300/300
[train] season 2024-25: building examples...
[train] players processed: 10/300
[train] players processed: 20/300
[train] players processed: 30/300
[train] players processed: 40/300
[train] players processed: 50/300
[train] players processed: 60/300
[train] players processed: 70/300
[train] Skipping player 203471 after 3 failed attempts
[train] Skipping player 203081 after 3 failed attempts
[train] Skipping player 201566 after 3 failed attempts
[train] Skipping player 1626162 after 3 failed attempts
[train] players processed: 80/300
[train] Skipping player 1629652 after 3 failed attempts
[train] Skipping player 1629638 after 3 failed attempts
[train] Skipping player 1630168 after 3 failed attempts
[train] Skipping player 1628370 after 3 failed attempts
[train] Skipping player 1642377 after 3 failed attempts
[train] Skipping player 1631105 after 3 failed attempts
[train] Skipping player 1630592 after 3 failed attempts
[train] Skipping player 1628970 after 3 failed attempts
[train] Skipping player 1630558 after 3 failed attempts
[train] Skipping player 1630532 after 3 failed attempts
[train] players processed: 90/300
[train] Skipping player 1629656 after 3 failed attempts
[train] Skipping player 1629673 after 3 failed attempts
[train] Skipping player 203110 after 3 failed attempts
[train] Skipping player 1630170 after 3 failed attempts
[train] Skipping player 202691 after 3 failed attempts
[train] Skipping player 1630178 after 3 failed attempts
[train] Skipping player 1626181 after 3 failed attempts
[train] Skipping player 1642274 after 3 failed attempts
[train] Skipping player 1631165 after 3 failed attempts
[train] Skipping player 1641731 after 3 failed attempts
[train] players processed: 100/300
[train] Skipping player 1628398 after 3 failed attempts
[train] Skipping player 1630577 after 3 failed attempts
[train] Skipping player 1630553 after 3 failed attempts
[train] Skipping player 1630230 after 3 failed attempts
[train] Skipping player 201950 after 3 failed attempts
[train] Skipping player 1627824 after 3 failed attempts
[train] Skipping player 1629018 after 3 failed attempts
[train] Skipping player 1630182 after 3 failed attempts
[train] players processed: 110/300
[train] players processed: 120/300
[train] players processed: 130/300
[train] players processed: 140/300
[train] players processed: 150/300
[train] players processed: 160/300
[train] Skipping player 1628960 after 3 failed attempts
[train] Skipping player 1630533 after 3 failed attempts
[train] players processed: 170/300
[train] Skipping player 1630573 after 3 failed attempts
[train] Skipping player 1629216 after 3 failed attempts
[train] Skipping player 1641705 after 3 failed attempts
[train] Skipping player 202685 after 3 failed attempts
[train] Skipping player 203924 after 3 failed attempts
[train] Skipping player 1642271 after 3 failed attempts
[train] Skipping player 1629630 after 3 failed attempts
[train] Skipping player 1641824 after 3 failed attempts
[train] Skipping player 1630163 after 3 failed attempts
[train] players processed: 180/300
[train] players processed: 190/300
[train] players processed: 200/300
[train] players processed: 210/300
[train] players processed: 220/300
[train] players processed: 230/300
[train] players processed: 240/300
[train] players processed: 250/300
[train] players processed: 260/300
[train] players processed: 270/300
[train] players processed: 280/300
[train] players processed: 290/300
[train] players processed: 300/300
[train] season 2025-26: building examples...
[train] players processed: 10/300
[train] players processed: 20/300
[train] players processed: 30/300
[train] players processed: 40/300
[train] players processed: 50/300
[train] players processed: 60/300
[train] players processed: 70/300
[train] players processed: 80/300
[train] players processed: 90/300
[train] players processed: 100/300
[train] players processed: 110/300
[train] players processed: 120/300
[train] players processed: 130/300
[train] players processed: 140/300
[train] players processed: 150/300
[train] players processed: 160/300
[train] players processed: 170/300
[train] players processed: 180/300
[train] Skipping player 1642461 after 3 failed attempts
[train] players processed: 190/300
[train] players processed: 200/300
[train] players processed: 210/300
[train] players processed: 220/300
[train] players processed: 230/300
[train] players processed: 240/300
[train] Skipping player 1629004 after 3 failed attempts
[train] Skipping player 203083 after 3 failed attempts
[train] Skipping player 1631323 after 3 failed attempts
[train] Skipping player 1630696 after 3 failed attempts
[train] Skipping player 1641775 after 3 failed attempts
[train] Skipping player 1628392 after 3 failed attempts
[train] Skipping player 1627747 after 3 failed attempts
[train] Skipping player 1629013 after 3 failed attempts
[train] players processed: 250/300
[train] players processed: 260/300
[train] players processed: 270/300
[train] players processed: 280/300
[train] players processed: 290/300
[train] players processed: 300/300
[train] total examples: 834554
[train] training + saving models ...
Traceback (most recent call last):
  File "/Users/rithv/Data Management/AI Basketball Helper/scripts/train_models.py", line 954, in <module>
    main()
  File "/Users/rithv/Data Management/AI Basketball Helper/scripts/train_models.py", line 949, in main
    meta = train_and_save(args.models_dir, examples)
  File "/Users/rithv/Data Management/AI Basketball Helper/scripts/train_models.py", line 735, in train_and_save
    clf_wf.fit(Xc_tr, yc_tr)
  File "/Users/rithv/Library/Python/3.9/lib/python/site-packages/xgboost/core.py", line 726, in inner_f
    return func(**kwargs)
  File "/Users/rithv/Library/Python/3.9/lib/python/site-packages/xgboost/sklearn.py", line 1580, in fit
    train_dmatrix, evals = _wrap_evaluation_matrices(
  File "/Users/rithv/Library/Python/3.9/lib/python/site-packages/xgboost/sklearn.py", line 603, in _wrap_evaluation_matrices
    train_dmatrix = create_dmatrix(
  File "/Users/rithv/Library/Python/3.9/lib/python/site-packages/xgboost/sklearn.py", line 1065, in _create_dmatrix
    return QuantileDMatrix(
  File "/Users/rithv/Library/Python/3.9/lib/python/site-packages/xgboost/core.py", line 726, in inner_f
    return func(**kwargs)
  File "/Users/rithv/Library/Python/3.9/lib/python/site-packages/xgboost/core.py", line 1573, in __init__
    self._init(
  File "/Users/rithv/Library/Python/3.9/lib/python/site-packages/xgboost/core.py", line 1632, in _init
    it.reraise()
  File "/Users/rithv/Library/Python/3.9/lib/python/site-packages/xgboost/core.py", line 569, in reraise
    raise exc  # pylint: disable=raising-bad-type
  File "/Users/rithv/Library/Python/3.9/lib/python/site-packages/xgboost/core.py", line 550, in _handle_exception
    return fn()
  File "/Users/rithv/Library/Python/3.9/lib/python/site-packages/xgboost/core.py", line 637, in <lambda>
    return self._handle_exception(lambda: self.next(input_data), 0)
  File "/Users/rithv/Library/Python/3.9/lib/python/site-packages/xgboost/data.py", line 1402, in next
    input_data(**self.kwargs)
  File "/Users/rithv/Library/Python/3.9/lib/python/site-packages/xgboost/core.py", line 726, in inner_f
    return func(**kwargs)
  File "/Users/rithv/Library/Python/3.9/lib/python/site-packages/xgboost/core.py", line 617, in input_data
    new, cat_codes, feature_names, feature_types = _proxy_transform(
  File "/Users/rithv/Library/Python/3.9/lib/python/site-packages/xgboost/data.py", line 1447, in _proxy_transform
    df, feature_names, feature_types = _transform_pandas_df(
  File "/Users/rithv/Library/Python/3.9/lib/python/site-packages/xgboost/data.py", line 611, in _transform_pandas_df
    arrays = pandas_transform_data(data)
  File "/Users/rithv/Library/Python/3.9/lib/python/site-packages/xgboost/data.py", line 550, in pandas_transform_data
    result.append(oth_type(data[col]))
  File "/Users/rithv/Library/Python/3.9/lib/python/site-packages/xgboost/data.py", line 515, in oth_type
    ser.dtype,
  File "/Users/rithv/Library/Python/3.9/lib/python/site-packages/pandas/core/generic.py", line 6321, in __getattr__
    return object.__getattribute__(self, name)
AttributeError: 'DataFrame' object has no attribute 'dtype'
